******************************************************************************
                  TI ARM Linker PC v16.9.6                     
******************************************************************************
>> Linked Tue Apr 24 14:44:09 2018

OUTPUT FILE NAME:   <milestone_one.out>
ENTRY POINT SYMBOL: "_c_int00"  address: 00002eed


MEMORY CONFIGURATION

         name            origin    length      used     unused   attr    fill
----------------------  --------  ---------  --------  --------  ----  --------
  FLASH                 00000000   00040000  00003b02  0003c4fe  R  X
  SRAM                  20000000   00008000  000009fe  00007602  RW X


SEGMENT ALLOCATION MAP

run origin  load origin   length   init length attrs members
----------  ----------- ---------- ----------- ----- -------
00000000    00000000    00003b08   00003b08    r-x
  00000000    00000000    0000026c   0000026c    r-- .intvecs
  0000026c    0000026c    000031fe   000031fe    r-x .text
  0000346c    0000346c    00000648   00000648    r-- .const
  00003ab8    00003ab8    00000050   00000050    r-- .cinit
20000000    20000000    00000a02   00000000    rw-
  20000000    20000000    0000026c   00000000    rw- .vtable
  2000026c    2000026c    00000368   00000000    rw- .bss
  200005d4    200005d4    00000200   00000000    rw- .stack
  200007d8    200007d8    00000200   00000000    rw- .sysmem
  200009d8    200009d8    0000002a   00000000    rw- .data


SECTION ALLOCATION MAP

 output                                  attributes/
section   page    origin      length       input sections
--------  ----  ----------  ----------   ----------------
.intvecs   0    00000000    0000026c     
                  00000000    0000026c     tm4c123gh6pm_startup_ccs.obj (.intvecs)

.text      0    0000026c    000031fe     
                  0000026c    00000c84     ustdlib.obj (.text)
                  00000ef0    00000950     OrbitOledGrph.obj (.text)
                  00001840    000003d0     rtsv7M4_T_le_v4SPD16_eabi.lib : memory.obj (.text)
                  00001c10    000003c0     Milestone2.obj (.text)
                  00001fd0    0000037c     OrbitOled.obj (.text)
                  0000234c    00000220     buttons4.obj (.text)
                  0000256c    00000204     OrbitOledChar.obj (.text)
                  00002770    00000132     driverlib.lib : gpio.obj (.text:GPIOPadConfigSet)
                  000028a2    00000002     rtsv7M4_T_le_v4SPD16_eabi.lib : i_div0.obj (.text)
                  000028a4    00000110     driverlib.lib : sysctl.obj (.text:SysCtlClockGet)
                  000029b4    000000f4                   : sysctl.obj (.text:SysCtlClockSet)
                  00002aa8    000000b8     circBufT.obj (.text)
                  00002b60    0000009c     rtsv7M4_T_le_v4SPD16_eabi.lib : memcpy_t2.obj (.text)
                  00002bfc    0000007a     driverlib.lib : adc.obj (.text:ADCSequenceStepConfigure)
                  00002c76    0000007a     rtsv7M4_T_le_v4SPD16_eabi.lib : memset_t2.obj (.text)
                  00002cf0    00000070                                   : autoinit.obj (.text)
                  00002d60    00000068     driverlib.lib : interrupt.obj (.text:IntEnable)
                  00002dc8    00000068     rtsv7M4_T_le_v4SPD16_eabi.lib : copy_decompress_lzss.obj (.text:decompress:lzss)
                  00002e30    00000060     driverlib.lib : timer.obj (.text:TimerConfigure)
                  00002e90    0000005c     delay.obj (.text)
                  00002eec    00000054     rtsv7M4_T_le_v4SPD16_eabi.lib : boot.obj (.text)
                  00002f40    00000054                                   : exit.obj (.text)
                  00002f94    00000050     driverlib.lib : adc.obj (.text:ADCSequenceConfigure)
                  00002fe4    00000050                   : adc.obj (.text:_ADCIntNumberGet)
                  00003034    0000004c                   : gpio.obj (.text:GPIOPinConfigure)
                  00003080    0000004c     rtsv7M4_T_le_v4SPD16_eabi.lib : cpy_tbl.obj (.text)
                  000030cc    00000044     OrbitOLEDInterface.obj (.text)
                  00003110    00000044     driverlib.lib : gpio.obj (.text:_GPIOIntNumberGet)
                  00003154    00000040     rtsv7M4_T_le_v4SPD16_eabi.lib : u_divt2.obj (.text)
                  00003194    0000003c     driverlib.lib : ssi.obj (.text:SSIConfigSetExpClk)
                  000031d0    00000034                   : interrupt.obj (.text:IntRegister)
                  00003204    00000034                   : sysctl.obj (.text:SysCtlPeripheralEnable)
                  00003238    0000002c                   : gpio.obj (.text:GPIODirModeSet)
                  00003264    0000001e                   : adc.obj (.text:ADCSequenceDataGet)
                  00003282    00000002     rtsv7M4_T_le_v4SPD16_eabi.lib : mpu_init.obj (.text)
                  00003284    0000001c     driverlib.lib : systick.obj (.text:SysTickIntRegister)
                  000032a0    00000018                   : adc.obj (.text:ADCIntRegister)
                  000032b8    00000018                   : adc.obj (.text:ADCProcessorTrigger)
                  000032d0    00000018                   : gpio.obj (.text:GPIOIntRegister)
                  000032e8    00000018                   : gpio.obj (.text:GPIOPinTypeGPIOOutput)
                  00003300    00000018     rtsv7M4_T_le_v4SPD16_eabi.lib : args_main.obj (.text)
                  00003318    00000016     driverlib.lib : gpio.obj (.text:GPIOPinTypeGPIOInput)
                  0000332e    00000016                   : gpio.obj (.text:GPIOPinTypeSSI)
                  00003344    00000014                   : systick.obj (.text:SysTickEnable)
                  00003358    00000014                   : systick.obj (.text:SysTickIntEnable)
                  0000336c    00000014     rtsv7M4_T_le_v4SPD16_eabi.lib : _lock.obj (.text)
                  00003380    00000010     driverlib.lib : adc.obj (.text:ADCIntEnable)
                  00003390    00000010                   : interrupt.obj (.text:IntMasterEnable)
                  000033a0    00000010                   : systick.obj (.text:SysTickPeriodSet)
                  000033b0    0000000e                   : adc.obj (.text:ADCSequenceEnable)
                  000033be    0000000e                   : timer.obj (.text:TimerEnable)
                  000033cc    0000000e     rtsv7M4_T_le_v4SPD16_eabi.lib : copy_decompress_none.obj (.text:decompress:none)
                  000033da    0000000c     driverlib.lib : cpu.obj (.text:CPUcpsie)
                  000033e6    0000000c                   : gpio.obj (.text:GPIOIntEnable)
                  000033f2    0000000c                   : ssi.obj (.text:SSIDataGet)
                  000033fe    0000000c     rtsv7M4_T_le_v4SPD16_eabi.lib : copy_zero_init.obj (.text:decompress:ZI)
                  0000340a    0000000c     tm4c123gh6pm_startup_ccs.obj (.text)
                  00003416    0000000a     driverlib.lib : adc.obj (.text:ADCIntClear)
                  00003420    0000000a                   : ssi.obj (.text:SSIDataPut)
                  0000342a    0000000a                   : ssi.obj (.text:SSIEnable)
                  00003434    0000000a                   : timer.obj (.text:TimerValueGet)
                  0000343e    00000008                   : ssi.obj (.text:SSIBusy)
                  00003446    00000006                   : gpio.obj (.text:GPIOIntClear)
                  0000344c    00000006                   : gpio.obj (.text:GPIOPinRead)
                  00003452    00000006                   : gpio.obj (.text:GPIOPinWrite)
                  00003458    00000006                   : ssi.obj (.text:SSIClockSourceSet)
                  0000345e    00000006                   : sysctl.obj (.text:SysCtlDelay)
                  00003464    00000004     rtsv7M4_T_le_v4SPD16_eabi.lib : pre_init.obj (.text)
                  00003468    00000002                                   : startup.obj (.text)

.const     0    0000346c    00000648     
                  0000346c    00000300     ChrFont0.obj (.const:.string:rgbOledFont0)
                  0000376c    000000d8     driverlib.lib : gpio.obj (.const:g_ppui32GPIOIntMapSnowflake)
                  00003844    000000c0                   : gpio.obj (.const:g_ppui32GPIOIntMapBlizzard)
                  00003904    00000090                   : gpio.obj (.const:g_pui32GPIOBaseAddrs)
                  00003994    0000006c                   : sysctl.obj (.const:g_pui32Xtals)
                  00003a00    00000040     FillPat.obj (.const:.string:rgbFillPat)
                  00003a40    00000030     ustdlib.obj (.const:g_psDaysToMonth)
                  00003a70    00000018     ustdlib.obj (.const:g_pfExponents)
                  00003a88    00000014     driverlib.lib : interrupt.obj (.const:g_pui32EnRegs)
                  00003a9c    00000012     ustdlib.obj (.const:.string)
                  00003aae    00000002     --HOLE-- [fill = 0]
                  00003ab0    00000004     ustdlib.obj (.const)

.cinit     0    00003ab8    00000050     
                  00003ab8    0000001c     (.cinit..data.load) [load image, compression = lzss]
                  00003ad4    0000000c     (__TI_handler_table)
                  00003ae0    00000008     (.cinit..bss.load) [load image, compression = zero_init]
                  00003ae8    00000008     (.cinit..vtable.load) [load image, compression = zero_init]
                  00003af0    00000018     (__TI_cinit_table)

.init_array 
*          0    00000000    00000000     UNINITIALIZED

.vtable    0    20000000    0000026c     UNINITIALIZED
                  20000000    0000026c     driverlib.lib : interrupt.obj (.vtable)

.bss       0    2000026c    00000368     UNINITIALIZED
                  2000026c    00000200     (.common:rgbOledBmp)
                  2000046c    00000100     (.common:rgbOledFontUser)
                  2000056c    00000010     Milestone2.obj (.bss:g_inBuffer)
                  2000057c    00000006     Milestone2.obj (.bss)
                  20000582    00000004     buttons4.obj (.bss:but_count)
                  20000586    00000004     buttons4.obj (.bss:but_flag)
                  2000058a    00000004     buttons4.obj (.bss:but_normal)
                  2000058e    00000004     buttons4.obj (.bss:but_state)
                  20000592    00000001     (.common:clrOledCur)
                  20000593    00000001     --HOLE--
                  20000594    00000004     (.common:bnOledCur)
                  20000598    00000004     (.common:dxcoOledFontCur)
                  2000059c    00000004     (.common:dycoOledFontCur)
                  200005a0    00000004     (.common:fOledCharUpdate)
                  200005a4    00000004     (.common:modOledCur)
                  200005a8    00000004     (.common:pbOledCur)
                  200005ac    00000004     (.common:pbOledFontCur)
                  200005b0    00000004     (.common:pbOledFontUser)
                  200005b4    00000004     (.common:pbOledPatCur)
                  200005b8    00000004     (.common:pfnDoRop)
                  200005bc    00000004     (.common:xchOledCur)
                  200005c0    00000004     (.common:xchOledMax)
                  200005c4    00000004     (.common:xcoOledCur)
                  200005c8    00000004     (.common:ychOledCur)
                  200005cc    00000004     (.common:ychOledMax)
                  200005d0    00000004     (.common:ycoOledCur)

.stack     0    200005d4    00000200     UNINITIALIZED
                  200005d4    00000200     --HOLE--

.sysmem    0    200007d8    00000200     UNINITIALIZED
                  200007d8    00000008     rtsv7M4_T_le_v4SPD16_eabi.lib : memory.obj (.sysmem)
                  200007e0    000001f8     --HOLE--

.data      0    200009d8    0000002a     UNINITIALIZED
                  200009d8    0000000c     rtsv7M4_T_le_v4SPD16_eabi.lib : exit.obj (.data:$O1$$)
                  200009e4    0000000c                                   : memory.obj (.data:$O1$$)
                  200009f0    00000008                                   : _lock.obj (.data:$O1$$)
                  200009f8    00000004                                   : stkdepth_vars.obj (.data)
                  200009fc    00000004     ustdlib.obj (.data)
                  20000a00    00000002     Milestone2.obj (.data)

MODULE SUMMARY

       Module                         code    ro data   rw data
       ------                         ----    -------   -------
    .\
       ustdlib.obj                    3204    94        4      
       Milestone2.obj                 960     0         24     
       tm4c123gh6pm_startup_ccs.obj   12      620       0      
       buttons4.obj                   544     0         16     
       circBufT.obj                   184     0         0      
    +--+------------------------------+-------+---------+---------+
       Total:                         4904    714       44     
                                                               
    .\OrbitOLED\
       OrbitOLEDInterface.obj         68      0         0      
    +--+------------------------------+-------+---------+---------+
       Total:                         68      0         0      
                                                               
    .\OrbitOLED\lib_OrbitOled\
       OrbitOledGrph.obj              2384    0         8      
       OrbitOled.obj                  892     0         553    
       OrbitOledChar.obj              516     0         272    
       ChrFont0.obj                   0       768       0      
       delay.obj                      92      0         0      
       FillPat.obj                    0       64        0      
    +--+------------------------------+-------+---------+---------+
       Total:                         3884    832       833    
                                                               
    C:/ti/TivaWare_C_Series-2.1.4.178/driverlib/ccs/Debug/driverlib.lib
       gpio.obj                       616     552       0      
       interrupt.obj                  172     20        620    
       sysctl.obj                     574     108       0      
       adc.obj                        400     0         0      
       timer.obj                      120     0         0      
       ssi.obj                        106     0         0      
       systick.obj                    84      0         0      
       cpu.obj                        12      0         0      
    +--+------------------------------+-------+---------+---------+
       Total:                         2084    680       620    
                                                               
    C:\Users\G1010\Documents\CCS\ccsv7\tools\compiler\ti-cgt-arm_16.9.6.LTS\lib\rtsv7M4_T_le_v4SPD16_eabi.lib
       memory.obj                     976     0         12     
       memcpy_t2.obj                  156     0         0      
       memset_t2.obj                  122     0         0      
       autoinit.obj                   112     0         0      
       copy_decompress_lzss.obj       104     0         0      
       exit.obj                       84      0         12     
       boot.obj                       84      0         0      
       cpy_tbl.obj                    76      0         0      
       u_divt2.obj                    64      0         0      
       _lock.obj                      20      0         8      
       args_main.obj                  24      0         0      
       copy_decompress_none.obj       14      0         0      
       copy_zero_init.obj             12      0         0      
       pre_init.obj                   4       0         0      
       stkdepth_vars.obj              0       0         4      
       i_div0.obj                     2       0         0      
       mpu_init.obj                   2       0         0      
       startup.obj                    2       0         0      
    +--+------------------------------+-------+---------+---------+
       Total:                         1858    0         36     
                                                               
       Heap:                          0       0         512    
       Stack:                         0       0         512    
       Linker Generated:              0       80        0      
    +--+------------------------------+-------+---------+---------+
       Grand Total:                   12798   2306      2557   


LINKER GENERATED COPY TABLES

__TI_cinit_table @ 00003af0 records: 3, size/record: 8, table size: 24
	.data: load addr=00003ab8, load size=0000001c bytes, run addr=200009d8, run size=0000002a bytes, compression=lzss
	.bss: load addr=00003ae0, load size=00000008 bytes, run addr=2000026c, run size=00000368 bytes, compression=zero_init
	.vtable: load addr=00003ae8, load size=00000008 bytes, run addr=20000000, run size=0000026c bytes, compression=zero_init


LINKER GENERATED HANDLER TABLE

__TI_handler_table @ 00003ad4 records: 3, size/record: 4, table size: 12
	index: 0, handler: __TI_zero_init
	index: 1, handler: __TI_decompress_lzss
	index: 2, handler: __TI_decompress_none


GLOBAL SYMBOLS: SORTED ALPHABETICALLY BY Name 

address   name                           
-------   ----                           
00003417  ADCIntClear                    
00003381  ADCIntEnable                   
00001c29  ADCIntHandler                  
000032a1  ADCIntRegister                 
000032b9  ADCProcessorTrigger            
00002f95  ADCSequenceConfigure           
00003265  ADCSequenceDataGet             
000033b1  ADCSequenceEnable              
00002bfd  ADCSequenceStepConfigure       
00002f41  C$$EXIT                        
000033db  CPUcpsie                       
00002e91  DelayInit                      
00002eab  DelayMs                        
00003239  GPIODirModeSet                 
00003447  GPIOIntClear                   
000033e7  GPIOIntEnable                  
000032d1  GPIOIntRegister                
00002771  GPIOPadConfigSet               
00003035  GPIOPinConfigure               
0000344d  GPIOPinRead                    
00003319  GPIOPinTypeGPIOInput           
000032e9  GPIOPinTypeGPIOOutput          
0000332f  GPIOPinTypeSSI                 
00003453  GPIOPinWrite                   
00002d61  IntEnable                      
00003391  IntMasterEnable                
000031d1  IntRegister                    
000030f3  OLEDInitialise                 
000030cd  OLEDStringDraw                 
00002705  OrbitOledAdvanceCursor         
000017e1  OrbitOledClampXco              
00001801  OrbitOledClampYco              
000021ad  OrbitOledClear                 
000021b9  OrbitOledClearBuffer           
000025d5  OrbitOledDefUserChar           
00002129  OrbitOledDevInit               
00001623  OrbitOledDrawChar              
0000268d  OrbitOledDrawGlyph             
00000fe7  OrbitOledDrawPixel             
0000112d  OrbitOledDrawRect              
00001683  OrbitOledDrawString            
000020af  OrbitOledDvrInit               
000011b1  OrbitOledFillRect              
000012f5  OrbitOledGetBmp                
0000263d  OrbitOledGetCharUpdate         
000025b9  OrbitOledGetCursor             
00000fe1  OrbitOledGetDrawMode           
00001013  OrbitOledGetPixel              
00000f37  OrbitOledGetPos                
00000f6b  OrbitOledGetStdPattern         
00001fe5  OrbitOledHostInit              
00001fd1  OrbitOledInit                  
0000102d  OrbitOledLineTo                
00001779  OrbitOledMoveDown              
000017af  OrbitOledMoveLeft              
000017c7  OrbitOledMoveRight             
00000ef1  OrbitOledMoveTo                
00001741  OrbitOledMoveUp                
00001455  OrbitOledPutBmp                
00002243  OrbitOledPutBuffer             
00002643  OrbitOledPutChar               
00002661  OrbitOledPutString             
000016ef  OrbitOledRopAnd                
000016cb  OrbitOledRopOr                 
000016a1  OrbitOledRopSet                
00001713  OrbitOledRopXor                
00002625  OrbitOledSetCharUpdate         
0000256d  OrbitOledSetCursor             
00000f53  OrbitOledSetDrawColor          
00000f8d  OrbitOledSetDrawMode           
00000f7d  OrbitOledSetFillPattern        
000021e9  OrbitOledUpdate                
0000340b  ResetISR                       
UNDEFED   SHT$$INIT_ARRAY$$Base          
UNDEFED   SHT$$INIT_ARRAY$$Limit         
0000343f  SSIBusy                        
00003459  SSIClockSourceSet              
00003195  SSIConfigSetExpClk             
000033f3  SSIDataGet                     
00003421  SSIDataPut                     
0000342b  SSIEnable                      
000022a9  Ssi3PutByte                    
000028a5  SysCtlClockGet                 
000029b5  SysCtlClockSet                 
0000345f  SysCtlDelay                    
00003205  SysCtlPeripheralEnable         
00003345  SysTickEnable                  
00003359  SysTickIntEnable               
00001c11  SysTickIntHandler              
00003285  SysTickIntRegister             
000033a1  SysTickPeriodSet               
00002e31  TimerConfigure                 
000033bf  TimerEnable                    
00003435  TimerValueGet                  
200007d4  __STACK_END                    
00000200  __STACK_SIZE                   
200007d4  __STACK_TOP                    
00000200  __SYSMEM_SIZE                  
00003af0  __TI_CINIT_Base                
00003b08  __TI_CINIT_Limit               
00003ad4  __TI_Handler_Table_Base        
00003ae0  __TI_Handler_Table_Limit       
00002cf1  __TI_auto_init                 
200009d8  __TI_cleanup_ptr               
00002dc9  __TI_decompress_lzss           
000033cd  __TI_decompress_none           
200009dc  __TI_dtors_ptr                 
200009e0  __TI_enable_exit_profile_output
ffffffff  __TI_pprof_out_hndl            
ffffffff  __TI_prof_data_size            
ffffffff  __TI_prof_data_start           
00000000  __TI_static_base__             
000033ff  __TI_zero_init                 
000028a3  __aeabi_idiv0                  
00002c77  __aeabi_memclr                 
00002c77  __aeabi_memclr4                
00002c77  __aeabi_memclr8                
00002b61  __aeabi_memcpy                 
00002b61  __aeabi_memcpy4                
00002b61  __aeabi_memcpy8                
00002c79  __aeabi_memset                 
00002c79  __aeabi_memset4                
00002c79  __aeabi_memset8                
00003155  __aeabi_uidiv                  
00003155  __aeabi_uidivmod               
ffffffff  __binit__                      
ffffffff  __c_args__                     
00003283  __mpu_init                     
200005d4  __stack                        
00003301  _args_main                     
00002eed  _c_int00                       
200009f0  _lock                          
0000337b  _nop                           
00003373  _register_lock                 
0000336d  _register_unlock               
200007d8  _sys_memory                    
00003469  _system_post_cinit             
00003465  _system_pre_init               
200009f4  _unlock                        
00002f45  abort                          
ffffffff  binit                          
20000594  bnOledCur                      
00001be1  calloc                         
000024ef  checkButton                    
20000592  clrOledCur                     
00003081  copy_in                        
00001dbb  displayMeanVal                 
20000598  dxcoOledFontCur                
2000059c  dycoOledFontCur                
00002f4d  exit                           
200005a0  fOledCharUpdate                
0000192b  free                           
00002b3b  freeCircBuf                    
20000000  g_pfnRAMVectors                
00000000  g_pfnVectors                   
00001d49  initADC                        
0000234d  initButtons                    
00002aa9  initCircBuf                    
00001c47  initClock                      
00001db3  initDisplay                    
00001d85  initYaw                        
00001e01  main                           
200009f8  main_func_sp                   
000018c1  malloc                         
00001af5  memalign                       
00002b61  memcpy                         
00002c7f  memset                         
00001841  minit                          
200005a4  modOledCur                     
200005a8  pbOledCur                      
200005ac  pbOledFontCur                  
200005b0  pbOledFontUser                 
200005b4  pbOledPatCur                   
200005b8  pfnDoRop                       
00002b07  readCircBuf                    
000019eb  realloc                        
00003a00  rgbFillPat                     
2000026c  rgbOledBmp                     
0000346c  rgbOledFont0                   
2000046c  rgbOledFontUser                
00000751  ulocaltime                     
0000094f  umktime                        
0000241b  updateButtons                  
00000ec9  urand                          
00000721  usnprintf                      
000006ef  usprintf                       
00000eb9  usrand                         
00000e31  ustrcasecmp                    
00000ea5  ustrcmp                        
00000d35  ustrlen                        
00000d8d  ustrncasecmp                   
00000e45  ustrncmp                       
0000026d  ustrncpy                       
00000d57  ustrstr                        
00000afd  ustrtof                        
000009c5  ustrtoul                       
000002c5  uvsnprintf                     
00002ad3  writeCircBuf                   
200005bc  xchOledCur                     
200005c0  xchOledMax                     
200005c4  xcoOledCur                     
00001c6d  yawIntHandler                  
200005c8  ychOledCur                     
200005cc  ychOledMax                     
200005d0  ycoOledCur                     


GLOBAL SYMBOLS: SORTED BY Symbol Address 

address   name                           
-------   ----                           
00000000  __TI_static_base__             
00000000  g_pfnVectors                   
00000200  __STACK_SIZE                   
00000200  __SYSMEM_SIZE                  
0000026d  ustrncpy                       
000002c5  uvsnprintf                     
000006ef  usprintf                       
00000721  usnprintf                      
00000751  ulocaltime                     
0000094f  umktime                        
000009c5  ustrtoul                       
00000afd  ustrtof                        
00000d35  ustrlen                        
00000d57  ustrstr                        
00000d8d  ustrncasecmp                   
00000e31  ustrcasecmp                    
00000e45  ustrncmp                       
00000ea5  ustrcmp                        
00000eb9  usrand                         
00000ec9  urand                          
00000ef1  OrbitOledMoveTo                
00000f37  OrbitOledGetPos                
00000f53  OrbitOledSetDrawColor          
00000f6b  OrbitOledGetStdPattern         
00000f7d  OrbitOledSetFillPattern        
00000f8d  OrbitOledSetDrawMode           
00000fe1  OrbitOledGetDrawMode           
00000fe7  OrbitOledDrawPixel             
00001013  OrbitOledGetPixel              
0000102d  OrbitOledLineTo                
0000112d  OrbitOledDrawRect              
000011b1  OrbitOledFillRect              
000012f5  OrbitOledGetBmp                
00001455  OrbitOledPutBmp                
00001623  OrbitOledDrawChar              
00001683  OrbitOledDrawString            
000016a1  OrbitOledRopSet                
000016cb  OrbitOledRopOr                 
000016ef  OrbitOledRopAnd                
00001713  OrbitOledRopXor                
00001741  OrbitOledMoveUp                
00001779  OrbitOledMoveDown              
000017af  OrbitOledMoveLeft              
000017c7  OrbitOledMoveRight             
000017e1  OrbitOledClampXco              
00001801  OrbitOledClampYco              
00001841  minit                          
000018c1  malloc                         
0000192b  free                           
000019eb  realloc                        
00001af5  memalign                       
00001be1  calloc                         
00001c11  SysTickIntHandler              
00001c29  ADCIntHandler                  
00001c47  initClock                      
00001c6d  yawIntHandler                  
00001d49  initADC                        
00001d85  initYaw                        
00001db3  initDisplay                    
00001dbb  displayMeanVal                 
00001e01  main                           
00001fd1  OrbitOledInit                  
00001fe5  OrbitOledHostInit              
000020af  OrbitOledDvrInit               
00002129  OrbitOledDevInit               
000021ad  OrbitOledClear                 
000021b9  OrbitOledClearBuffer           
000021e9  OrbitOledUpdate                
00002243  OrbitOledPutBuffer             
000022a9  Ssi3PutByte                    
0000234d  initButtons                    
0000241b  updateButtons                  
000024ef  checkButton                    
0000256d  OrbitOledSetCursor             
000025b9  OrbitOledGetCursor             
000025d5  OrbitOledDefUserChar           
00002625  OrbitOledSetCharUpdate         
0000263d  OrbitOledGetCharUpdate         
00002643  OrbitOledPutChar               
00002661  OrbitOledPutString             
0000268d  OrbitOledDrawGlyph             
00002705  OrbitOledAdvanceCursor         
00002771  GPIOPadConfigSet               
000028a3  __aeabi_idiv0                  
000028a5  SysCtlClockGet                 
000029b5  SysCtlClockSet                 
00002aa9  initCircBuf                    
00002ad3  writeCircBuf                   
00002b07  readCircBuf                    
00002b3b  freeCircBuf                    
00002b61  __aeabi_memcpy                 
00002b61  __aeabi_memcpy4                
00002b61  __aeabi_memcpy8                
00002b61  memcpy                         
00002bfd  ADCSequenceStepConfigure       
00002c77  __aeabi_memclr                 
00002c77  __aeabi_memclr4                
00002c77  __aeabi_memclr8                
00002c79  __aeabi_memset                 
00002c79  __aeabi_memset4                
00002c79  __aeabi_memset8                
00002c7f  memset                         
00002cf1  __TI_auto_init                 
00002d61  IntEnable                      
00002dc9  __TI_decompress_lzss           
00002e31  TimerConfigure                 
00002e91  DelayInit                      
00002eab  DelayMs                        
00002eed  _c_int00                       
00002f41  C$$EXIT                        
00002f45  abort                          
00002f4d  exit                           
00002f95  ADCSequenceConfigure           
00003035  GPIOPinConfigure               
00003081  copy_in                        
000030cd  OLEDStringDraw                 
000030f3  OLEDInitialise                 
00003155  __aeabi_uidiv                  
00003155  __aeabi_uidivmod               
00003195  SSIConfigSetExpClk             
000031d1  IntRegister                    
00003205  SysCtlPeripheralEnable         
00003239  GPIODirModeSet                 
00003265  ADCSequenceDataGet             
00003283  __mpu_init                     
00003285  SysTickIntRegister             
000032a1  ADCIntRegister                 
000032b9  ADCProcessorTrigger            
000032d1  GPIOIntRegister                
000032e9  GPIOPinTypeGPIOOutput          
00003301  _args_main                     
00003319  GPIOPinTypeGPIOInput           
0000332f  GPIOPinTypeSSI                 
00003345  SysTickEnable                  
00003359  SysTickIntEnable               
0000336d  _register_unlock               
00003373  _register_lock                 
0000337b  _nop                           
00003381  ADCIntEnable                   
00003391  IntMasterEnable                
000033a1  SysTickPeriodSet               
000033b1  ADCSequenceEnable              
000033bf  TimerEnable                    
000033cd  __TI_decompress_none           
000033db  CPUcpsie                       
000033e7  GPIOIntEnable                  
000033f3  SSIDataGet                     
000033ff  __TI_zero_init                 
0000340b  ResetISR                       
00003417  ADCIntClear                    
00003421  SSIDataPut                     
0000342b  SSIEnable                      
00003435  TimerValueGet                  
0000343f  SSIBusy                        
00003447  GPIOIntClear                   
0000344d  GPIOPinRead                    
00003453  GPIOPinWrite                   
00003459  SSIClockSourceSet              
0000345f  SysCtlDelay                    
00003465  _system_pre_init               
00003469  _system_post_cinit             
0000346c  rgbOledFont0                   
00003a00  rgbFillPat                     
00003ad4  __TI_Handler_Table_Base        
00003ae0  __TI_Handler_Table_Limit       
00003af0  __TI_CINIT_Base                
00003b08  __TI_CINIT_Limit               
20000000  g_pfnRAMVectors                
2000026c  rgbOledBmp                     
2000046c  rgbOledFontUser                
20000592  clrOledCur                     
20000594  bnOledCur                      
20000598  dxcoOledFontCur                
2000059c  dycoOledFontCur                
200005a0  fOledCharUpdate                
200005a4  modOledCur                     
200005a8  pbOledCur                      
200005ac  pbOledFontCur                  
200005b0  pbOledFontUser                 
200005b4  pbOledPatCur                   
200005b8  pfnDoRop                       
200005bc  xchOledCur                     
200005c0  xchOledMax                     
200005c4  xcoOledCur                     
200005c8  ychOledCur                     
200005cc  ychOledMax                     
200005d0  ycoOledCur                     
200005d4  __stack                        
200007d4  __STACK_END                    
200007d4  __STACK_TOP                    
200007d8  _sys_memory                    
200009d8  __TI_cleanup_ptr               
200009dc  __TI_dtors_ptr                 
200009e0  __TI_enable_exit_profile_output
200009f0  _lock                          
200009f4  _unlock                        
200009f8  main_func_sp                   
ffffffff  __TI_pprof_out_hndl            
ffffffff  __TI_prof_data_size            
ffffffff  __TI_prof_data_start           
ffffffff  __binit__                      
ffffffff  __c_args__                     
ffffffff  binit                          
UNDEFED   SHT$$INIT_ARRAY$$Base          
UNDEFED   SHT$$INIT_ARRAY$$Limit         

[205 symbols]
