******************************************************************************
                  TI ARM Linker PC v16.9.6                     
******************************************************************************
>> Linked Fri Mar 23 11:19:44 2018

OUTPUT FILE NAME:   <milestone_one.out>
ENTRY POINT SYMBOL: "_c_int00"  address: 00002d91


MEMORY CONFIGURATION

         name            origin    length      used     unused   attr    fill
----------------------  --------  ---------  --------  --------  ----  --------
  FLASH                 00000000   00040000  000037a0  0003c860  R  X
  SRAM                  20000000   00008000  000009f9  00007607  RW X


SEGMENT ALLOCATION MAP

run origin  load origin   length   init length attrs members
----------  ----------- ---------- ----------- ----- -------
00000000    00000000    000037a0   000037a0    r-x
  00000000    00000000    0000026c   0000026c    r-- .intvecs
  0000026c    0000026c    00003034   00003034    r-x .text
  000032a0    000032a0    000004b0   000004b0    r-- .const
  00003750    00003750    00000050   00000050    r-- .cinit
20000000    20000000    00000a00   00000000    rw-
  20000000    20000000    0000026c   00000000    rw- .vtable
  2000026c    2000026c    00000365   00000000    rw- .bss
  200005d4    200005d4    00000200   00000000    rw- .stack
  200007d8    200007d8    00000200   00000000    rw- .sysmem
  200009d8    200009d8    00000028   00000000    rw- .data


SECTION ALLOCATION MAP

 output                                  attributes/
section   page    origin      length       input sections
--------  ----  ----------  ----------   ----------------
.intvecs   0    00000000    0000026c     
                  00000000    0000026c     tm4c123gh6pm_startup_ccs.obj (.intvecs)

.text      0    0000026c    00003034     
                  0000026c    00000c84     ustdlib.obj (.text)
                  00000ef0    00000950     OrbitOledGrph.obj (.text)
                  00001840    000003d0     rtsv7M4_T_le_v4SPD16_eabi.lib : memory.obj (.text)
                  00001c10    0000037c     OrbitOled.obj (.text)
                  00001f8c    00000264     Milestone1.obj (.text)
                  000021f0    00000220     buttons4.obj (.text)
                  00002410    00000204     OrbitOledChar.obj (.text)
                  00002614    00000132     driverlib.lib : gpio.obj (.text:GPIOPadConfigSet)
                  00002746    00000002     rtsv7M4_T_le_v4SPD16_eabi.lib : i_div0.obj (.text)
                  00002748    00000110     driverlib.lib : sysctl.obj (.text:SysCtlClockGet)
                  00002858    000000f4                   : sysctl.obj (.text:SysCtlClockSet)
                  0000294c    000000b8     circBufT.obj (.text)
                  00002a04    0000009c     rtsv7M4_T_le_v4SPD16_eabi.lib : memcpy_t2.obj (.text)
                  00002aa0    0000007a     driverlib.lib : adc.obj (.text:ADCSequenceStepConfigure)
                  00002b1a    0000007a     rtsv7M4_T_le_v4SPD16_eabi.lib : memset_t2.obj (.text)
                  00002b94    00000070                                   : autoinit.obj (.text)
                  00002c04    00000068     driverlib.lib : interrupt.obj (.text:IntEnable)
                  00002c6c    00000068     rtsv7M4_T_le_v4SPD16_eabi.lib : copy_decompress_lzss.obj (.text:decompress:lzss)
                  00002cd4    00000060     driverlib.lib : timer.obj (.text:TimerConfigure)
                  00002d34    0000005c     delay.obj (.text)
                  00002d90    00000054     rtsv7M4_T_le_v4SPD16_eabi.lib : boot.obj (.text)
                  00002de4    00000054                                   : exit.obj (.text)
                  00002e38    00000050     driverlib.lib : adc.obj (.text:ADCSequenceConfigure)
                  00002e88    00000050                   : adc.obj (.text:_ADCIntNumberGet)
                  00002ed8    0000004c                   : gpio.obj (.text:GPIOPinConfigure)
                  00002f24    0000004c     rtsv7M4_T_le_v4SPD16_eabi.lib : cpy_tbl.obj (.text)
                  00002f70    00000044     OrbitOLEDInterface.obj (.text)
                  00002fb4    00000040     rtsv7M4_T_le_v4SPD16_eabi.lib : u_divt2.obj (.text)
                  00002ff4    0000003c     driverlib.lib : ssi.obj (.text:SSIConfigSetExpClk)
                  00003030    00000034                   : interrupt.obj (.text:IntRegister)
                  00003064    00000034                   : sysctl.obj (.text:SysCtlPeripheralEnable)
                  00003098    0000002c                   : gpio.obj (.text:GPIODirModeSet)
                  000030c4    0000001e                   : adc.obj (.text:ADCSequenceDataGet)
                  000030e2    00000002     rtsv7M4_T_le_v4SPD16_eabi.lib : mpu_init.obj (.text)
                  000030e4    0000001c     driverlib.lib : systick.obj (.text:SysTickIntRegister)
                  00003100    00000018                   : adc.obj (.text:ADCIntRegister)
                  00003118    00000018                   : adc.obj (.text:ADCProcessorTrigger)
                  00003130    00000018                   : gpio.obj (.text:GPIOPinTypeGPIOOutput)
                  00003148    00000018     rtsv7M4_T_le_v4SPD16_eabi.lib : args_main.obj (.text)
                  00003160    00000016     driverlib.lib : gpio.obj (.text:GPIOPinTypeGPIOInput)
                  00003176    00000016                   : gpio.obj (.text:GPIOPinTypeSSI)
                  0000318c    00000014                   : systick.obj (.text:SysTickEnable)
                  000031a0    00000014                   : systick.obj (.text:SysTickIntEnable)
                  000031b4    00000014     rtsv7M4_T_le_v4SPD16_eabi.lib : _lock.obj (.text)
                  000031c8    00000010     driverlib.lib : adc.obj (.text:ADCIntEnable)
                  000031d8    00000010                   : interrupt.obj (.text:IntMasterEnable)
                  000031e8    00000010                   : systick.obj (.text:SysTickPeriodSet)
                  000031f8    0000000e                   : adc.obj (.text:ADCSequenceEnable)
                  00003206    0000000e                   : timer.obj (.text:TimerEnable)
                  00003214    0000000e     rtsv7M4_T_le_v4SPD16_eabi.lib : copy_decompress_none.obj (.text:decompress:none)
                  00003222    0000000c     driverlib.lib : cpu.obj (.text:CPUcpsie)
                  0000322e    0000000c                   : ssi.obj (.text:SSIDataGet)
                  0000323a    0000000c     rtsv7M4_T_le_v4SPD16_eabi.lib : copy_zero_init.obj (.text:decompress:ZI)
                  00003246    0000000c     tm4c123gh6pm_startup_ccs.obj (.text)
                  00003252    0000000a     driverlib.lib : adc.obj (.text:ADCIntClear)
                  0000325c    0000000a                   : ssi.obj (.text:SSIDataPut)
                  00003266    0000000a                   : ssi.obj (.text:SSIEnable)
                  00003270    0000000a                   : timer.obj (.text:TimerValueGet)
                  0000327a    00000008                   : ssi.obj (.text:SSIBusy)
                  00003282    00000006                   : gpio.obj (.text:GPIOPinRead)
                  00003288    00000006                   : gpio.obj (.text:GPIOPinWrite)
                  0000328e    00000006                   : ssi.obj (.text:SSIClockSourceSet)
                  00003294    00000006                   : sysctl.obj (.text:SysCtlDelay)
                  0000329a    00000004     rtsv7M4_T_le_v4SPD16_eabi.lib : pre_init.obj (.text)
                  0000329e    00000002                                   : startup.obj (.text)

.const     0    000032a0    000004b0     
                  000032a0    00000300     ChrFont0.obj (.const:.string:rgbOledFont0)
                  000035a0    00000090     driverlib.lib : gpio.obj (.const:g_pui32GPIOBaseAddrs)
                  00003630    0000006c                   : sysctl.obj (.const:g_pui32Xtals)
                  0000369c    00000040     FillPat.obj (.const:.string:rgbFillPat)
                  000036dc    00000030     ustdlib.obj (.const:g_psDaysToMonth)
                  0000370c    00000018     ustdlib.obj (.const:g_pfExponents)
                  00003724    00000014     driverlib.lib : interrupt.obj (.const:g_pui32EnRegs)
                  00003738    00000012     ustdlib.obj (.const:.string)
                  0000374a    00000002     --HOLE-- [fill = 0]
                  0000374c    00000004     ustdlib.obj (.const)

.cinit     0    00003750    00000050     
                  00003750    0000001b     (.cinit..data.load) [load image, compression = lzss]
                  0000376b    00000001     --HOLE-- [fill = 0]
                  0000376c    0000000c     (__TI_handler_table)
                  00003778    00000008     (.cinit..bss.load) [load image, compression = zero_init]
                  00003780    00000008     (.cinit..vtable.load) [load image, compression = zero_init]
                  00003788    00000018     (__TI_cinit_table)

.init_array 
*          0    00000000    00000000     UNINITIALIZED

.vtable    0    20000000    0000026c     UNINITIALIZED
                  20000000    0000026c     driverlib.lib : interrupt.obj (.vtable)

.bss       0    2000026c    00000365     UNINITIALIZED
                  2000026c    00000200     (.common:rgbOledBmp)
                  2000046c    00000100     (.common:rgbOledFontUser)
                  2000056c    00000010     Milestone1.obj (.bss:g_inBuffer)
                  2000057c    00000004     Milestone1.obj (.bss)
                  20000580    00000004     buttons4.obj (.bss:but_count)
                  20000584    00000004     buttons4.obj (.bss:but_flag)
                  20000588    00000004     buttons4.obj (.bss:but_normal)
                  2000058c    00000004     buttons4.obj (.bss:but_state)
                  20000590    00000004     (.common:bnOledCur)
                  20000594    00000004     (.common:dxcoOledFontCur)
                  20000598    00000004     (.common:dycoOledFontCur)
                  2000059c    00000004     (.common:fOledCharUpdate)
                  200005a0    00000004     (.common:modOledCur)
                  200005a4    00000004     (.common:pbOledCur)
                  200005a8    00000004     (.common:pbOledFontCur)
                  200005ac    00000004     (.common:pbOledFontUser)
                  200005b0    00000004     (.common:pbOledPatCur)
                  200005b4    00000004     (.common:pfnDoRop)
                  200005b8    00000004     (.common:xchOledCur)
                  200005bc    00000004     (.common:xchOledMax)
                  200005c0    00000004     (.common:xcoOledCur)
                  200005c4    00000004     (.common:ychOledCur)
                  200005c8    00000004     (.common:ychOledMax)
                  200005cc    00000004     (.common:ycoOledCur)
                  200005d0    00000001     (.common:clrOledCur)

.stack     0    200005d4    00000200     UNINITIALIZED
                  200005d4    00000200     --HOLE--

.sysmem    0    200007d8    00000200     UNINITIALIZED
                  200007d8    00000008     rtsv7M4_T_le_v4SPD16_eabi.lib : memory.obj (.sysmem)
                  200007e0    000001f8     --HOLE--

.data      0    200009d8    00000028     UNINITIALIZED
                  200009d8    0000000c     rtsv7M4_T_le_v4SPD16_eabi.lib : exit.obj (.data:$O1$$)
                  200009e4    0000000c                                   : memory.obj (.data:$O1$$)
                  200009f0    00000008                                   : _lock.obj (.data:$O1$$)
                  200009f8    00000004                                   : stkdepth_vars.obj (.data)
                  200009fc    00000004     ustdlib.obj (.data)

MODULE SUMMARY

       Module                         code    ro data   rw data
       ------                         ----    -------   -------
    .\
       ustdlib.obj                    3204    94        4      
       Milestone1.obj                 612     0         20     
       tm4c123gh6pm_startup_ccs.obj   12      620       0      
       buttons4.obj                   544     0         16     
       circBufT.obj                   184     0         0      
    +--+------------------------------+-------+---------+---------+
       Total:                         4556    714       40     
                                                               
    .\OrbitOLED\
       OrbitOLEDInterface.obj         68      0         0      
    +--+------------------------------+-------+---------+---------+
       Total:                         68      0         0      
                                                               
    .\OrbitOLED\lib_OrbitOled\
       OrbitOledGrph.obj              2384    0         8      
       OrbitOled.obj                  892     0         553    
       OrbitOledChar.obj              516     0         272    
       ChrFont0.obj                   0       768       0      
       delay.obj                      92      0         0      
       FillPat.obj                    0       64        0      
    +--+------------------------------+-------+---------+---------+
       Total:                         3884    832       833    
                                                               
    C:/ti/TivaWare_C_Series-2.1.4.178/driverlib/ccs/Debug/driverlib.lib
       interrupt.obj                  172     20        620    
       sysctl.obj                     574     108       0      
       gpio.obj                       506     144       0      
       adc.obj                        400     0         0      
       timer.obj                      120     0         0      
       ssi.obj                        106     0         0      
       systick.obj                    84      0         0      
       cpu.obj                        12      0         0      
    +--+------------------------------+-------+---------+---------+
       Total:                         1974    272       620    
                                                               
    C:\ti\ccsv7\tools\compiler\ti-cgt-arm_16.9.6.LTS\lib\rtsv7M4_T_le_v4SPD16_eabi.lib
       memory.obj                     976     0         12     
       memcpy_t2.obj                  156     0         0      
       memset_t2.obj                  122     0         0      
       autoinit.obj                   112     0         0      
       copy_decompress_lzss.obj       104     0         0      
       exit.obj                       84      0         12     
       boot.obj                       84      0         0      
       cpy_tbl.obj                    76      0         0      
       u_divt2.obj                    64      0         0      
       _lock.obj                      20      0         8      
       args_main.obj                  24      0         0      
       copy_decompress_none.obj       14      0         0      
       copy_zero_init.obj             12      0         0      
       pre_init.obj                   4       0         0      
       stkdepth_vars.obj              0       0         4      
       i_div0.obj                     2       0         0      
       mpu_init.obj                   2       0         0      
       startup.obj                    2       0         0      
    +--+------------------------------+-------+---------+---------+
       Total:                         1858    0         36     
                                                               
       Heap:                          0       0         512    
       Stack:                         0       0         512    
       Linker Generated:              0       79        0      
    +--+------------------------------+-------+---------+---------+
       Grand Total:                   12340   1897      2553   


LINKER GENERATED COPY TABLES

__TI_cinit_table @ 00003788 records: 3, size/record: 8, table size: 24
	.data: load addr=00003750, load size=0000001b bytes, run addr=200009d8, run size=00000028 bytes, compression=lzss
	.bss: load addr=00003778, load size=00000008 bytes, run addr=2000026c, run size=00000365 bytes, compression=zero_init
	.vtable: load addr=00003780, load size=00000008 bytes, run addr=20000000, run size=0000026c bytes, compression=zero_init


LINKER GENERATED HANDLER TABLE

__TI_handler_table @ 0000376c records: 3, size/record: 4, table size: 12
	index: 0, handler: __TI_zero_init
	index: 1, handler: __TI_decompress_lzss
	index: 2, handler: __TI_decompress_none


GLOBAL SYMBOLS: SORTED ALPHABETICALLY BY Name 

address   name                           
-------   ----                           
00003253  ADCIntClear                    
000031c9  ADCIntEnable                   
00001fa5  ADCIntHandler                  
00003101  ADCIntRegister                 
00003119  ADCProcessorTrigger            
00002e39  ADCSequenceConfigure           
000030c5  ADCSequenceDataGet             
000031f9  ADCSequenceEnable              
00002aa1  ADCSequenceStepConfigure       
00002de5  C$$EXIT                        
00003223  CPUcpsie                       
00002d35  DelayInit                      
00002d4f  DelayMs                        
00003099  GPIODirModeSet                 
00002615  GPIOPadConfigSet               
00002ed9  GPIOPinConfigure               
00003283  GPIOPinRead                    
00003161  GPIOPinTypeGPIOInput           
00003131  GPIOPinTypeGPIOOutput          
00003177  GPIOPinTypeSSI                 
00003289  GPIOPinWrite                   
00002c05  IntEnable                      
000031d9  IntMasterEnable                
00003031  IntRegister                    
00002f97  OLEDInitialise                 
00002f71  OLEDStringDraw                 
000025a9  OrbitOledAdvanceCursor         
000017e1  OrbitOledClampXco              
00001801  OrbitOledClampYco              
00001ded  OrbitOledClear                 
00001df9  OrbitOledClearBuffer           
00002479  OrbitOledDefUserChar           
00001d69  OrbitOledDevInit               
00001623  OrbitOledDrawChar              
00002531  OrbitOledDrawGlyph             
00000fe7  OrbitOledDrawPixel             
0000112d  OrbitOledDrawRect              
00001683  OrbitOledDrawString            
00001cef  OrbitOledDvrInit               
000011b1  OrbitOledFillRect              
000012f5  OrbitOledGetBmp                
000024e1  OrbitOledGetCharUpdate         
0000245d  OrbitOledGetCursor             
00000fe1  OrbitOledGetDrawMode           
00001013  OrbitOledGetPixel              
00000f37  OrbitOledGetPos                
00000f6b  OrbitOledGetStdPattern         
00001c25  OrbitOledHostInit              
00001c11  OrbitOledInit                  
0000102d  OrbitOledLineTo                
00001779  OrbitOledMoveDown              
000017af  OrbitOledMoveLeft              
000017c7  OrbitOledMoveRight             
00000ef1  OrbitOledMoveTo                
00001741  OrbitOledMoveUp                
00001455  OrbitOledPutBmp                
00001e83  OrbitOledPutBuffer             
000024e7  OrbitOledPutChar               
00002505  OrbitOledPutString             
000016ef  OrbitOledRopAnd                
000016cb  OrbitOledRopOr                 
000016a1  OrbitOledRopSet                
00001713  OrbitOledRopXor                
000024c9  OrbitOledSetCharUpdate         
00002411  OrbitOledSetCursor             
00000f53  OrbitOledSetDrawColor          
00000f8d  OrbitOledSetDrawMode           
00000f7d  OrbitOledSetFillPattern        
00001e29  OrbitOledUpdate                
00003247  ResetISR                       
UNDEFED   SHT$$INIT_ARRAY$$Base          
UNDEFED   SHT$$INIT_ARRAY$$Limit         
0000327b  SSIBusy                        
0000328f  SSIClockSourceSet              
00002ff5  SSIConfigSetExpClk             
0000322f  SSIDataGet                     
0000325d  SSIDataPut                     
00003267  SSIEnable                      
00001ee9  Ssi3PutByte                    
00002749  SysCtlClockGet                 
00002859  SysCtlClockSet                 
00003295  SysCtlDelay                    
00003065  SysCtlPeripheralEnable         
0000318d  SysTickEnable                  
000031a1  SysTickIntEnable               
00001f8d  SysTickIntHandler              
000030e5  SysTickIntRegister             
000031e9  SysTickPeriodSet               
00002cd5  TimerConfigure                 
00003207  TimerEnable                    
00003271  TimerValueGet                  
200007d4  __STACK_END                    
00000200  __STACK_SIZE                   
200007d4  __STACK_TOP                    
00000200  __SYSMEM_SIZE                  
00003788  __TI_CINIT_Base                
000037a0  __TI_CINIT_Limit               
0000376c  __TI_Handler_Table_Base        
00003778  __TI_Handler_Table_Limit       
00002b95  __TI_auto_init                 
200009d8  __TI_cleanup_ptr               
00002c6d  __TI_decompress_lzss           
00003215  __TI_decompress_none           
200009dc  __TI_dtors_ptr                 
200009e0  __TI_enable_exit_profile_output
ffffffff  __TI_pprof_out_hndl            
ffffffff  __TI_prof_data_size            
ffffffff  __TI_prof_data_start           
00000000  __TI_static_base__             
0000323b  __TI_zero_init                 
00002747  __aeabi_idiv0                  
00002b1b  __aeabi_memclr                 
00002b1b  __aeabi_memclr4                
00002b1b  __aeabi_memclr8                
00002a05  __aeabi_memcpy                 
00002a05  __aeabi_memcpy4                
00002a05  __aeabi_memcpy8                
00002b1d  __aeabi_memset                 
00002b1d  __aeabi_memset4                
00002b1d  __aeabi_memset8                
00002fb5  __aeabi_uidiv                  
00002fb5  __aeabi_uidivmod               
ffffffff  __binit__                      
ffffffff  __c_args__                     
000030e3  __mpu_init                     
200005d4  __stack                        
00003149  _args_main                     
00002d91  _c_int00                       
200009f0  _lock                          
000031c3  _nop                           
000031bb  _register_lock                 
000031b5  _register_unlock               
200007d8  _sys_memory                    
0000329f  _system_post_cinit             
0000329b  _system_pre_init               
200009f4  _unlock                        
00002de9  abort                          
ffffffff  binit                          
20000590  bnOledCur                      
00001be1  calloc                         
00002393  checkButton                    
200005d0  clrOledCur                     
00002f25  copy_in                        
0000202d  displayMeanVal                 
20000594  dxcoOledFontCur                
20000598  dycoOledFontCur                
00002df1  exit                           
2000059c  fOledCharUpdate                
0000192b  free                           
000029df  freeCircBuf                    
20000000  g_pfnRAMVectors                
00000000  g_pfnVectors                   
00001fe9  initADC                        
000021f1  initButtons                    
0000294d  initCircBuf                    
00001fc3  initClock                      
00002025  initDisplay                    
00002069  main                           
200009f8  main_func_sp                   
000018c1  malloc                         
00001af5  memalign                       
00002a05  memcpy                         
00002b23  memset                         
00001841  minit                          
200005a0  modOledCur                     
200005a4  pbOledCur                      
200005a8  pbOledFontCur                  
200005ac  pbOledFontUser                 
200005b0  pbOledPatCur                   
200005b4  pfnDoRop                       
000029ab  readCircBuf                    
000019eb  realloc                        
0000369c  rgbFillPat                     
2000026c  rgbOledBmp                     
000032a0  rgbOledFont0                   
2000046c  rgbOledFontUser                
00000751  ulocaltime                     
0000094f  umktime                        
000022bf  updateButtons                  
00000ec9  urand                          
00000721  usnprintf                      
000006ef  usprintf                       
00000eb9  usrand                         
00000e31  ustrcasecmp                    
00000ea5  ustrcmp                        
00000d35  ustrlen                        
00000d8d  ustrncasecmp                   
00000e45  ustrncmp                       
0000026d  ustrncpy                       
00000d57  ustrstr                        
00000afd  ustrtof                        
000009c5  ustrtoul                       
000002c5  uvsnprintf                     
00002977  writeCircBuf                   
200005b8  xchOledCur                     
200005bc  xchOledMax                     
200005c0  xcoOledCur                     
200005c4  ychOledCur                     
200005c8  ychOledMax                     
200005cc  ycoOledCur                     


GLOBAL SYMBOLS: SORTED BY Symbol Address 

address   name                           
-------   ----                           
00000000  __TI_static_base__             
00000000  g_pfnVectors                   
00000200  __STACK_SIZE                   
00000200  __SYSMEM_SIZE                  
0000026d  ustrncpy                       
000002c5  uvsnprintf                     
000006ef  usprintf                       
00000721  usnprintf                      
00000751  ulocaltime                     
0000094f  umktime                        
000009c5  ustrtoul                       
00000afd  ustrtof                        
00000d35  ustrlen                        
00000d57  ustrstr                        
00000d8d  ustrncasecmp                   
00000e31  ustrcasecmp                    
00000e45  ustrncmp                       
00000ea5  ustrcmp                        
00000eb9  usrand                         
00000ec9  urand                          
00000ef1  OrbitOledMoveTo                
00000f37  OrbitOledGetPos                
00000f53  OrbitOledSetDrawColor          
00000f6b  OrbitOledGetStdPattern         
00000f7d  OrbitOledSetFillPattern        
00000f8d  OrbitOledSetDrawMode           
00000fe1  OrbitOledGetDrawMode           
00000fe7  OrbitOledDrawPixel             
00001013  OrbitOledGetPixel              
0000102d  OrbitOledLineTo                
0000112d  OrbitOledDrawRect              
000011b1  OrbitOledFillRect              
000012f5  OrbitOledGetBmp                
00001455  OrbitOledPutBmp                
00001623  OrbitOledDrawChar              
00001683  OrbitOledDrawString            
000016a1  OrbitOledRopSet                
000016cb  OrbitOledRopOr                 
000016ef  OrbitOledRopAnd                
00001713  OrbitOledRopXor                
00001741  OrbitOledMoveUp                
00001779  OrbitOledMoveDown              
000017af  OrbitOledMoveLeft              
000017c7  OrbitOledMoveRight             
000017e1  OrbitOledClampXco              
00001801  OrbitOledClampYco              
00001841  minit                          
000018c1  malloc                         
0000192b  free                           
000019eb  realloc                        
00001af5  memalign                       
00001be1  calloc                         
00001c11  OrbitOledInit                  
00001c25  OrbitOledHostInit              
00001cef  OrbitOledDvrInit               
00001d69  OrbitOledDevInit               
00001ded  OrbitOledClear                 
00001df9  OrbitOledClearBuffer           
00001e29  OrbitOledUpdate                
00001e83  OrbitOledPutBuffer             
00001ee9  Ssi3PutByte                    
00001f8d  SysTickIntHandler              
00001fa5  ADCIntHandler                  
00001fc3  initClock                      
00001fe9  initADC                        
00002025  initDisplay                    
0000202d  displayMeanVal                 
00002069  main                           
000021f1  initButtons                    
000022bf  updateButtons                  
00002393  checkButton                    
00002411  OrbitOledSetCursor             
0000245d  OrbitOledGetCursor             
00002479  OrbitOledDefUserChar           
000024c9  OrbitOledSetCharUpdate         
000024e1  OrbitOledGetCharUpdate         
000024e7  OrbitOledPutChar               
00002505  OrbitOledPutString             
00002531  OrbitOledDrawGlyph             
000025a9  OrbitOledAdvanceCursor         
00002615  GPIOPadConfigSet               
00002747  __aeabi_idiv0                  
00002749  SysCtlClockGet                 
00002859  SysCtlClockSet                 
0000294d  initCircBuf                    
00002977  writeCircBuf                   
000029ab  readCircBuf                    
000029df  freeCircBuf                    
00002a05  __aeabi_memcpy                 
00002a05  __aeabi_memcpy4                
00002a05  __aeabi_memcpy8                
00002a05  memcpy                         
00002aa1  ADCSequenceStepConfigure       
00002b1b  __aeabi_memclr                 
00002b1b  __aeabi_memclr4                
00002b1b  __aeabi_memclr8                
00002b1d  __aeabi_memset                 
00002b1d  __aeabi_memset4                
00002b1d  __aeabi_memset8                
00002b23  memset                         
00002b95  __TI_auto_init                 
00002c05  IntEnable                      
00002c6d  __TI_decompress_lzss           
00002cd5  TimerConfigure                 
00002d35  DelayInit                      
00002d4f  DelayMs                        
00002d91  _c_int00                       
00002de5  C$$EXIT                        
00002de9  abort                          
00002df1  exit                           
00002e39  ADCSequenceConfigure           
00002ed9  GPIOPinConfigure               
00002f25  copy_in                        
00002f71  OLEDStringDraw                 
00002f97  OLEDInitialise                 
00002fb5  __aeabi_uidiv                  
00002fb5  __aeabi_uidivmod               
00002ff5  SSIConfigSetExpClk             
00003031  IntRegister                    
00003065  SysCtlPeripheralEnable         
00003099  GPIODirModeSet                 
000030c5  ADCSequenceDataGet             
000030e3  __mpu_init                     
000030e5  SysTickIntRegister             
00003101  ADCIntRegister                 
00003119  ADCProcessorTrigger            
00003131  GPIOPinTypeGPIOOutput          
00003149  _args_main                     
00003161  GPIOPinTypeGPIOInput           
00003177  GPIOPinTypeSSI                 
0000318d  SysTickEnable                  
000031a1  SysTickIntEnable               
000031b5  _register_unlock               
000031bb  _register_lock                 
000031c3  _nop                           
000031c9  ADCIntEnable                   
000031d9  IntMasterEnable                
000031e9  SysTickPeriodSet               
000031f9  ADCSequenceEnable              
00003207  TimerEnable                    
00003215  __TI_decompress_none           
00003223  CPUcpsie                       
0000322f  SSIDataGet                     
0000323b  __TI_zero_init                 
00003247  ResetISR                       
00003253  ADCIntClear                    
0000325d  SSIDataPut                     
00003267  SSIEnable                      
00003271  TimerValueGet                  
0000327b  SSIBusy                        
00003283  GPIOPinRead                    
00003289  GPIOPinWrite                   
0000328f  SSIClockSourceSet              
00003295  SysCtlDelay                    
0000329b  _system_pre_init               
0000329f  _system_post_cinit             
000032a0  rgbOledFont0                   
0000369c  rgbFillPat                     
0000376c  __TI_Handler_Table_Base        
00003778  __TI_Handler_Table_Limit       
00003788  __TI_CINIT_Base                
000037a0  __TI_CINIT_Limit               
20000000  g_pfnRAMVectors                
2000026c  rgbOledBmp                     
2000046c  rgbOledFontUser                
20000590  bnOledCur                      
20000594  dxcoOledFontCur                
20000598  dycoOledFontCur                
2000059c  fOledCharUpdate                
200005a0  modOledCur                     
200005a4  pbOledCur                      
200005a8  pbOledFontCur                  
200005ac  pbOledFontUser                 
200005b0  pbOledPatCur                   
200005b4  pfnDoRop                       
200005b8  xchOledCur                     
200005bc  xchOledMax                     
200005c0  xcoOledCur                     
200005c4  ychOledCur                     
200005c8  ychOledMax                     
200005cc  ycoOledCur                     
200005d0  clrOledCur                     
200005d4  __stack                        
200007d4  __STACK_END                    
200007d4  __STACK_TOP                    
200007d8  _sys_memory                    
200009d8  __TI_cleanup_ptr               
200009dc  __TI_dtors_ptr                 
200009e0  __TI_enable_exit_profile_output
200009f0  _lock                          
200009f4  _unlock                        
200009f8  main_func_sp                   
ffffffff  __TI_pprof_out_hndl            
ffffffff  __TI_prof_data_size            
ffffffff  __TI_prof_data_start           
ffffffff  __binit__                      
ffffffff  __c_args__                     
ffffffff  binit                          
UNDEFED   SHT$$INIT_ARRAY$$Base          
UNDEFED   SHT$$INIT_ARRAY$$Limit         

[200 symbols]
