<?xml version="1.0"?>
<link_info>
   <banner>TI ARM Linker PC v16.9.6.LTS</banner>
   <copyright>Copyright (c) 1996-2017 Texas Instruments Incorporated</copyright>
   <link_time>0x5ade99f9</link_time>
   <link_errors>0x0</link_errors>
   <output_file>milestone_one.out</output_file>
   <entry_point>
      <name>_c_int00</name>
      <address>0x2eed</address>
   </entry_point>
   <input_file_list>
      <input_file id="fl-2">
         <path>.\</path>
         <kind>object</kind>
         <file>Milestone2.obj</file>
         <name>Milestone2.obj</name>
      </input_file>
      <input_file id="fl-3">
         <path>.\</path>
         <kind>object</kind>
         <file>buttons4.obj</file>
         <name>buttons4.obj</name>
      </input_file>
      <input_file id="fl-4">
         <path>.\</path>
         <kind>object</kind>
         <file>circBufT.obj</file>
         <name>circBufT.obj</name>
      </input_file>
      <input_file id="fl-5">
         <path>.\</path>
         <kind>object</kind>
         <file>tm4c123gh6pm_startup_ccs.obj</file>
         <name>tm4c123gh6pm_startup_ccs.obj</name>
      </input_file>
      <input_file id="fl-6">
         <path>.\</path>
         <kind>object</kind>
         <file>ustdlib.obj</file>
         <name>ustdlib.obj</name>
      </input_file>
      <input_file id="fl-7">
         <path>.\OrbitOLED\</path>
         <kind>object</kind>
         <file>OrbitOLEDInterface.obj</file>
         <name>OrbitOLEDInterface.obj</name>
      </input_file>
      <input_file id="fl-8">
         <path>.\OrbitOLED\lib_OrbitOled\</path>
         <kind>object</kind>
         <file>ChrFont0.obj</file>
         <name>ChrFont0.obj</name>
      </input_file>
      <input_file id="fl-9">
         <path>.\OrbitOLED\lib_OrbitOled\</path>
         <kind>object</kind>
         <file>FillPat.obj</file>
         <name>FillPat.obj</name>
      </input_file>
      <input_file id="fl-a">
         <path>.\OrbitOLED\lib_OrbitOled\</path>
         <kind>object</kind>
         <file>OrbitOled.obj</file>
         <name>OrbitOled.obj</name>
      </input_file>
      <input_file id="fl-b">
         <path>.\OrbitOLED\lib_OrbitOled\</path>
         <kind>object</kind>
         <file>OrbitOledChar.obj</file>
         <name>OrbitOledChar.obj</name>
      </input_file>
      <input_file id="fl-c">
         <path>.\OrbitOLED\lib_OrbitOled\</path>
         <kind>object</kind>
         <file>OrbitOledGrph.obj</file>
         <name>OrbitOledGrph.obj</name>
      </input_file>
      <input_file id="fl-d">
         <path>.\OrbitOLED\lib_OrbitOled\</path>
         <kind>object</kind>
         <file>delay.obj</file>
         <name>delay.obj</name>
      </input_file>
      <input_file id="fl-12">
         <kind>object</kind>
         <file>&lt;internal&gt;</file>
         <name>&lt;internal&gt;</name>
      </input_file>
      <input_file id="fl-c8">
         <path>C:\Users\G1010\Documents\CCS\ccsv7\tools\compiler\ti-cgt-arm_16.9.6.LTS\lib\</path>
         <kind>archive</kind>
         <file>rtsv7M4_T_le_v4SPD16_eabi.lib</file>
         <name>boot.obj</name>
      </input_file>
      <input_file id="fl-c9">
         <path>C:\Users\G1010\Documents\CCS\ccsv7\tools\compiler\ti-cgt-arm_16.9.6.LTS\lib\</path>
         <kind>archive</kind>
         <file>rtsv7M4_T_le_v4SPD16_eabi.lib</file>
         <name>copy_decompress_lzss.obj</name>
      </input_file>
      <input_file id="fl-ca">
         <path>C:\Users\G1010\Documents\CCS\ccsv7\tools\compiler\ti-cgt-arm_16.9.6.LTS\lib\</path>
         <kind>archive</kind>
         <file>rtsv7M4_T_le_v4SPD16_eabi.lib</file>
         <name>copy_decompress_none.obj</name>
      </input_file>
      <input_file id="fl-cb">
         <path>C:\Users\G1010\Documents\CCS\ccsv7\tools\compiler\ti-cgt-arm_16.9.6.LTS\lib\</path>
         <kind>archive</kind>
         <file>rtsv7M4_T_le_v4SPD16_eabi.lib</file>
         <name>copy_zero_init.obj</name>
      </input_file>
      <input_file id="fl-cc">
         <path>C:\Users\G1010\Documents\CCS\ccsv7\tools\compiler\ti-cgt-arm_16.9.6.LTS\lib\</path>
         <kind>archive</kind>
         <file>rtsv7M4_T_le_v4SPD16_eabi.lib</file>
         <name>exit.obj</name>
      </input_file>
      <input_file id="fl-cd">
         <path>C:\Users\G1010\Documents\CCS\ccsv7\tools\compiler\ti-cgt-arm_16.9.6.LTS\lib\</path>
         <kind>archive</kind>
         <file>rtsv7M4_T_le_v4SPD16_eabi.lib</file>
         <name>memcpy_t2.obj</name>
      </input_file>
      <input_file id="fl-ce">
         <path>C:\Users\G1010\Documents\CCS\ccsv7\tools\compiler\ti-cgt-arm_16.9.6.LTS\lib\</path>
         <kind>archive</kind>
         <file>rtsv7M4_T_le_v4SPD16_eabi.lib</file>
         <name>memory.obj</name>
      </input_file>
      <input_file id="fl-cf">
         <path>C:\Users\G1010\Documents\CCS\ccsv7\tools\compiler\ti-cgt-arm_16.9.6.LTS\lib\</path>
         <kind>archive</kind>
         <file>rtsv7M4_T_le_v4SPD16_eabi.lib</file>
         <name>memset_t2.obj</name>
      </input_file>
      <input_file id="fl-d0">
         <path>C:\Users\G1010\Documents\CCS\ccsv7\tools\compiler\ti-cgt-arm_16.9.6.LTS\lib\</path>
         <kind>archive</kind>
         <file>rtsv7M4_T_le_v4SPD16_eabi.lib</file>
         <name>mpu_init.obj</name>
      </input_file>
      <input_file id="fl-d1">
         <path>C:\Users\G1010\Documents\CCS\ccsv7\tools\compiler\ti-cgt-arm_16.9.6.LTS\lib\</path>
         <kind>archive</kind>
         <file>rtsv7M4_T_le_v4SPD16_eabi.lib</file>
         <name>pre_init.obj</name>
      </input_file>
      <input_file id="fl-d2">
         <path>C:\Users\G1010\Documents\CCS\ccsv7\tools\compiler\ti-cgt-arm_16.9.6.LTS\lib\</path>
         <kind>archive</kind>
         <file>rtsv7M4_T_le_v4SPD16_eabi.lib</file>
         <name>stkdepth_vars.obj</name>
      </input_file>
      <input_file id="fl-d3">
         <path>C:\Users\G1010\Documents\CCS\ccsv7\tools\compiler\ti-cgt-arm_16.9.6.LTS\lib\</path>
         <kind>archive</kind>
         <file>rtsv7M4_T_le_v4SPD16_eabi.lib</file>
         <name>u_divt2.obj</name>
      </input_file>
      <input_file id="fl-d4">
         <path>C:\Users\G1010\Documents\CCS\ccsv7\tools\compiler\ti-cgt-arm_16.9.6.LTS\lib\</path>
         <kind>archive</kind>
         <file>rtsv7M4_T_le_v4SPD16_eabi.lib</file>
         <name>_lock.obj</name>
      </input_file>
      <input_file id="fl-d5">
         <path>C:\Users\G1010\Documents\CCS\ccsv7\tools\compiler\ti-cgt-arm_16.9.6.LTS\lib\</path>
         <kind>archive</kind>
         <file>rtsv7M4_T_le_v4SPD16_eabi.lib</file>
         <name>args_main.obj</name>
      </input_file>
      <input_file id="fl-d6">
         <path>C:\Users\G1010\Documents\CCS\ccsv7\tools\compiler\ti-cgt-arm_16.9.6.LTS\lib\</path>
         <kind>archive</kind>
         <file>rtsv7M4_T_le_v4SPD16_eabi.lib</file>
         <name>autoinit.obj</name>
      </input_file>
      <input_file id="fl-d7">
         <path>C:\Users\G1010\Documents\CCS\ccsv7\tools\compiler\ti-cgt-arm_16.9.6.LTS\lib\</path>
         <kind>archive</kind>
         <file>rtsv7M4_T_le_v4SPD16_eabi.lib</file>
         <name>cpy_tbl.obj</name>
      </input_file>
      <input_file id="fl-d8">
         <path>C:\Users\G1010\Documents\CCS\ccsv7\tools\compiler\ti-cgt-arm_16.9.6.LTS\lib\</path>
         <kind>archive</kind>
         <file>rtsv7M4_T_le_v4SPD16_eabi.lib</file>
         <name>i_div0.obj</name>
      </input_file>
      <input_file id="fl-d9">
         <path>C:\Users\G1010\Documents\CCS\ccsv7\tools\compiler\ti-cgt-arm_16.9.6.LTS\lib\</path>
         <kind>archive</kind>
         <file>rtsv7M4_T_le_v4SPD16_eabi.lib</file>
         <name>startup.obj</name>
      </input_file>
      <input_file id="fl-da">
         <path>C:\ti\TivaWare_C_Series-2.1.4.178\driverlib\ccs\Debug\</path>
         <kind>archive</kind>
         <file>driverlib.lib</file>
         <name>adc.obj</name>
      </input_file>
      <input_file id="fl-db">
         <path>C:\ti\TivaWare_C_Series-2.1.4.178\driverlib\ccs\Debug\</path>
         <kind>archive</kind>
         <file>driverlib.lib</file>
         <name>gpio.obj</name>
      </input_file>
      <input_file id="fl-dc">
         <path>C:\ti\TivaWare_C_Series-2.1.4.178\driverlib\ccs\Debug\</path>
         <kind>archive</kind>
         <file>driverlib.lib</file>
         <name>interrupt.obj</name>
      </input_file>
      <input_file id="fl-dd">
         <path>C:\ti\TivaWare_C_Series-2.1.4.178\driverlib\ccs\Debug\</path>
         <kind>archive</kind>
         <file>driverlib.lib</file>
         <name>ssi.obj</name>
      </input_file>
      <input_file id="fl-de">
         <path>C:\ti\TivaWare_C_Series-2.1.4.178\driverlib\ccs\Debug\</path>
         <kind>archive</kind>
         <file>driverlib.lib</file>
         <name>sysctl.obj</name>
      </input_file>
      <input_file id="fl-df">
         <path>C:\ti\TivaWare_C_Series-2.1.4.178\driverlib\ccs\Debug\</path>
         <kind>archive</kind>
         <file>driverlib.lib</file>
         <name>systick.obj</name>
      </input_file>
      <input_file id="fl-e0">
         <path>C:\ti\TivaWare_C_Series-2.1.4.178\driverlib\ccs\Debug\</path>
         <kind>archive</kind>
         <file>driverlib.lib</file>
         <name>timer.obj</name>
      </input_file>
      <input_file id="fl-e1">
         <path>C:\ti\TivaWare_C_Series-2.1.4.178\driverlib\ccs\Debug\</path>
         <kind>archive</kind>
         <file>driverlib.lib</file>
         <name>cpu.obj</name>
      </input_file>
   </input_file_list>
   <object_component_list>
      <object_component id="oc-f">
         <name>.intvecs</name>
         <load_address>0x0</load_address>
         <run_address>0x0</run_address>
         <size>0x26c</size>
         <input_file_ref idref="fl-5"/>
      </object_component>
      <object_component id="oc-179">
         <name>.text</name>
         <load_address>0x26c</load_address>
         <run_address>0x26c</run_address>
         <size>0xc84</size>
         <input_file_ref idref="fl-6"/>
      </object_component>
      <object_component id="oc-26c">
         <name>.text</name>
         <load_address>0xef0</load_address>
         <run_address>0xef0</run_address>
         <size>0x950</size>
         <input_file_ref idref="fl-c"/>
      </object_component>
      <object_component id="oc-1c9">
         <name>.text</name>
         <load_address>0x1840</load_address>
         <run_address>0x1840</run_address>
         <size>0x3d0</size>
         <input_file_ref idref="fl-ce"/>
      </object_component>
      <object_component id="oc-ae">
         <name>.text</name>
         <load_address>0x1c10</load_address>
         <run_address>0x1c10</run_address>
         <size>0x3c0</size>
         <input_file_ref idref="fl-2"/>
      </object_component>
      <object_component id="oc-1e9">
         <name>.text</name>
         <load_address>0x1fd0</load_address>
         <run_address>0x1fd0</run_address>
         <size>0x37c</size>
         <input_file_ref idref="fl-a"/>
      </object_component>
      <object_component id="oc-e9">
         <name>.text</name>
         <load_address>0x234c</load_address>
         <run_address>0x234c</run_address>
         <size>0x220</size>
         <input_file_ref idref="fl-3"/>
      </object_component>
      <object_component id="oc-1e3">
         <name>.text</name>
         <load_address>0x256c</load_address>
         <run_address>0x256c</run_address>
         <size>0x204</size>
         <input_file_ref idref="fl-b"/>
      </object_component>
      <object_component id="oc-12b">
         <name>.text:GPIOPadConfigSet</name>
         <load_address>0x2770</load_address>
         <run_address>0x2770</run_address>
         <size>0x132</size>
         <input_file_ref idref="fl-db"/>
      </object_component>
      <object_component id="oc-2d8">
         <name>.text</name>
         <load_address>0x28a2</load_address>
         <run_address>0x28a2</run_address>
         <size>0x2</size>
         <input_file_ref idref="fl-d8"/>
      </object_component>
      <object_component id="oc-107">
         <name>.text:SysCtlClockGet</name>
         <load_address>0x28a4</load_address>
         <run_address>0x28a4</run_address>
         <size>0x110</size>
         <input_file_ref idref="fl-de"/>
      </object_component>
      <object_component id="oc-101">
         <name>.text:SysCtlClockSet</name>
         <load_address>0x29b4</load_address>
         <run_address>0x29b4</run_address>
         <size>0xf4</size>
         <input_file_ref idref="fl-de"/>
      </object_component>
      <object_component id="oc-f5">
         <name>.text</name>
         <load_address>0x2aa8</load_address>
         <run_address>0x2aa8</run_address>
         <size>0xb8</size>
         <input_file_ref idref="fl-4"/>
      </object_component>
      <object_component id="oc-42">
         <name>.text</name>
         <load_address>0x2b60</load_address>
         <run_address>0x2b60</run_address>
         <size>0x9c</size>
         <input_file_ref idref="fl-cd"/>
      </object_component>
      <object_component id="oc-155">
         <name>.text:ADCSequenceStepConfigure</name>
         <load_address>0x2bfc</load_address>
         <run_address>0x2bfc</run_address>
         <size>0x7a</size>
         <input_file_ref idref="fl-da"/>
      </object_component>
      <object_component id="oc-4e">
         <name>.text</name>
         <load_address>0x2c76</load_address>
         <run_address>0x2c76</run_address>
         <size>0x7a</size>
         <input_file_ref idref="fl-cf"/>
      </object_component>
      <object_component id="oc-66">
         <name>.text</name>
         <load_address>0x2cf0</load_address>
         <run_address>0x2cf0</run_address>
         <size>0x70</size>
         <input_file_ref idref="fl-d6"/>
      </object_component>
      <object_component id="oc-201">
         <name>.text:IntEnable</name>
         <load_address>0x2d60</load_address>
         <run_address>0x2d60</run_address>
         <size>0x68</size>
         <input_file_ref idref="fl-dc"/>
      </object_component>
      <object_component id="oc-12">
         <name>.text:decompress:lzss</name>
         <load_address>0x2dc8</load_address>
         <run_address>0x2dc8</run_address>
         <size>0x68</size>
         <input_file_ref idref="fl-c9"/>
      </object_component>
      <object_component id="oc-2fd">
         <name>.text:TimerConfigure</name>
         <load_address>0x2e30</load_address>
         <run_address>0x2e30</run_address>
         <size>0x60</size>
         <input_file_ref idref="fl-e0"/>
      </object_component>
      <object_component id="oc-281">
         <name>.text</name>
         <load_address>0x2e90</load_address>
         <run_address>0x2e90</run_address>
         <size>0x5c</size>
         <input_file_ref idref="fl-d"/>
      </object_component>
      <object_component id="oc-24">
         <name>.text</name>
         <load_address>0x2eec</load_address>
         <run_address>0x2eec</run_address>
         <size>0x54</size>
         <input_file_ref idref="fl-c8"/>
      </object_component>
      <object_component id="oc-72">
         <name>.text</name>
         <load_address>0x2f40</load_address>
         <run_address>0x2f40</run_address>
         <size>0x54</size>
         <input_file_ref idref="fl-cc"/>
      </object_component>
      <object_component id="oc-14f">
         <name>.text:ADCSequenceConfigure</name>
         <load_address>0x2f94</load_address>
         <run_address>0x2f94</run_address>
         <size>0x50</size>
         <input_file_ref idref="fl-da"/>
      </object_component>
      <object_component id="oc-1fb">
         <name>.text:_ADCIntNumberGet</name>
         <load_address>0x2fe4</load_address>
         <run_address>0x2fe4</run_address>
         <size>0x50</size>
         <input_file_ref idref="fl-da"/>
      </object_component>
      <object_component id="oc-28d">
         <name>.text:GPIOPinConfigure</name>
         <load_address>0x3034</load_address>
         <run_address>0x3034</run_address>
         <size>0x4c</size>
         <input_file_ref idref="fl-db"/>
      </object_component>
      <object_component id="oc-a0">
         <name>.text</name>
         <load_address>0x3080</load_address>
         <run_address>0x3080</run_address>
         <size>0x4c</size>
         <input_file_ref idref="fl-d7"/>
      </object_component>
      <object_component id="oc-125">
         <name>.text</name>
         <load_address>0x30cc</load_address>
         <run_address>0x30cc</run_address>
         <size>0x44</size>
         <input_file_ref idref="fl-7"/>
      </object_component>
      <object_component id="oc-209">
         <name>.text:_GPIOIntNumberGet</name>
         <load_address>0x3110</load_address>
         <run_address>0x3110</run_address>
         <size>0x44</size>
         <input_file_ref idref="fl-db"/>
      </object_component>
      <object_component id="oc-211">
         <name>.text</name>
         <load_address>0x3154</load_address>
         <run_address>0x3154</run_address>
         <size>0x40</size>
         <input_file_ref idref="fl-d3"/>
      </object_component>
      <object_component id="oc-299">
         <name>.text:SSIConfigSetExpClk</name>
         <load_address>0x3194</load_address>
         <run_address>0x3194</run_address>
         <size>0x3c</size>
         <input_file_ref idref="fl-dd"/>
      </object_component>
      <object_component id="oc-1da">
         <name>.text:IntRegister</name>
         <load_address>0x31d0</load_address>
         <run_address>0x31d0</run_address>
         <size>0x34</size>
         <input_file_ref idref="fl-dc"/>
      </object_component>
      <object_component id="oc-149">
         <name>.text:SysCtlPeripheralEnable</name>
         <load_address>0x3204</load_address>
         <run_address>0x3204</run_address>
         <size>0x34</size>
         <input_file_ref idref="fl-de"/>
      </object_component>
      <object_component id="oc-131">
         <name>.text:GPIODirModeSet</name>
         <load_address>0x3238</load_address>
         <run_address>0x3238</run_address>
         <size>0x2c</size>
         <input_file_ref idref="fl-db"/>
      </object_component>
      <object_component id="oc-ef">
         <name>.text:ADCSequenceDataGet</name>
         <load_address>0x3264</load_address>
         <run_address>0x3264</run_address>
         <size>0x1e</size>
         <input_file_ref idref="fl-da"/>
      </object_component>
      <object_component id="oc-5a">
         <name>.text</name>
         <load_address>0x3282</load_address>
         <run_address>0x3282</run_address>
         <size>0x2</size>
         <input_file_ref idref="fl-d0"/>
      </object_component>
      <object_component id="oc-113">
         <name>.text:SysTickIntRegister</name>
         <load_address>0x3284</load_address>
         <run_address>0x3284</run_address>
         <size>0x1c</size>
         <input_file_ref idref="fl-df"/>
      </object_component>
      <object_component id="oc-161">
         <name>.text:ADCIntRegister</name>
         <load_address>0x32a0</load_address>
         <run_address>0x32a0</run_address>
         <size>0x18</size>
         <input_file_ref idref="fl-da"/>
      </object_component>
      <object_component id="oc-e3">
         <name>.text:ADCProcessorTrigger</name>
         <load_address>0x32b8</load_address>
         <run_address>0x32b8</run_address>
         <size>0x18</size>
         <input_file_ref idref="fl-da"/>
      </object_component>
      <object_component id="oc-16d">
         <name>.text:GPIOIntRegister</name>
         <load_address>0x32d0</load_address>
         <run_address>0x32d0</run_address>
         <size>0x18</size>
         <input_file_ref idref="fl-db"/>
      </object_component>
      <object_component id="oc-2a5">
         <name>.text:GPIOPinTypeGPIOOutput</name>
         <load_address>0x32e8</load_address>
         <run_address>0x32e8</run_address>
         <size>0x18</size>
         <input_file_ref idref="fl-db"/>
      </object_component>
      <object_component id="oc-6c">
         <name>.text</name>
         <load_address>0x3300</load_address>
         <run_address>0x3300</run_address>
         <size>0x18</size>
         <input_file_ref idref="fl-d5"/>
      </object_component>
      <object_component id="oc-1b4">
         <name>.text:GPIOPinTypeGPIOInput</name>
         <load_address>0x3318</load_address>
         <run_address>0x3318</run_address>
         <size>0x16</size>
         <input_file_ref idref="fl-db"/>
      </object_component>
      <object_component id="oc-287">
         <name>.text:GPIOPinTypeSSI</name>
         <load_address>0x332e</load_address>
         <run_address>0x332e</run_address>
         <size>0x16</size>
         <input_file_ref idref="fl-db"/>
      </object_component>
      <object_component id="oc-11f">
         <name>.text:SysTickEnable</name>
         <load_address>0x3344</load_address>
         <run_address>0x3344</run_address>
         <size>0x14</size>
         <input_file_ref idref="fl-df"/>
      </object_component>
      <object_component id="oc-119">
         <name>.text:SysTickIntEnable</name>
         <load_address>0x3358</load_address>
         <run_address>0x3358</run_address>
         <size>0x14</size>
         <input_file_ref idref="fl-df"/>
      </object_component>
      <object_component id="oc-19a">
         <name>.text</name>
         <load_address>0x336c</load_address>
         <run_address>0x336c</run_address>
         <size>0x14</size>
         <input_file_ref idref="fl-d4"/>
      </object_component>
      <object_component id="oc-167">
         <name>.text:ADCIntEnable</name>
         <load_address>0x3380</load_address>
         <run_address>0x3380</run_address>
         <size>0x10</size>
         <input_file_ref idref="fl-da"/>
      </object_component>
      <object_component id="oc-17f">
         <name>.text:IntMasterEnable</name>
         <load_address>0x3390</load_address>
         <run_address>0x3390</run_address>
         <size>0x10</size>
         <input_file_ref idref="fl-dc"/>
      </object_component>
      <object_component id="oc-10d">
         <name>.text:SysTickPeriodSet</name>
         <load_address>0x33a0</load_address>
         <run_address>0x33a0</run_address>
         <size>0x10</size>
         <input_file_ref idref="fl-df"/>
      </object_component>
      <object_component id="oc-15b">
         <name>.text:ADCSequenceEnable</name>
         <load_address>0x33b0</load_address>
         <run_address>0x33b0</run_address>
         <size>0xe</size>
         <input_file_ref idref="fl-da"/>
      </object_component>
      <object_component id="oc-303">
         <name>.text:TimerEnable</name>
         <load_address>0x33be</load_address>
         <run_address>0x33be</run_address>
         <size>0xe</size>
         <input_file_ref idref="fl-e0"/>
      </object_component>
      <object_component id="oc-18">
         <name>.text:decompress:none</name>
         <load_address>0x33cc</load_address>
         <run_address>0x33cc</run_address>
         <size>0xe</size>
         <input_file_ref idref="fl-ca"/>
      </object_component>
      <object_component id="oc-22e">
         <name>.text:CPUcpsie</name>
         <load_address>0x33da</load_address>
         <run_address>0x33da</run_address>
         <size>0xc</size>
         <input_file_ref idref="fl-e1"/>
      </object_component>
      <object_component id="oc-173">
         <name>.text:GPIOIntEnable</name>
         <load_address>0x33e6</load_address>
         <run_address>0x33e6</run_address>
         <size>0xc</size>
         <input_file_ref idref="fl-db"/>
      </object_component>
      <object_component id="oc-2b7">
         <name>.text:SSIDataGet</name>
         <load_address>0x33f2</load_address>
         <run_address>0x33f2</run_address>
         <size>0xc</size>
         <input_file_ref idref="fl-dd"/>
      </object_component>
      <object_component id="oc-1e">
         <name>.text:decompress:ZI</name>
         <load_address>0x33fe</load_address>
         <run_address>0x33fe</run_address>
         <size>0xc</size>
         <input_file_ref idref="fl-cb"/>
      </object_component>
      <object_component id="oc-2e">
         <name>.text</name>
         <load_address>0x340a</load_address>
         <run_address>0x340a</run_address>
         <size>0xc</size>
         <input_file_ref idref="fl-5"/>
      </object_component>
      <object_component id="oc-fb">
         <name>.text:ADCIntClear</name>
         <load_address>0x3416</load_address>
         <run_address>0x3416</run_address>
         <size>0xa</size>
         <input_file_ref idref="fl-da"/>
      </object_component>
      <object_component id="oc-2b1">
         <name>.text:SSIDataPut</name>
         <load_address>0x3420</load_address>
         <run_address>0x3420</run_address>
         <size>0xa</size>
         <input_file_ref idref="fl-dd"/>
      </object_component>
      <object_component id="oc-29f">
         <name>.text:SSIEnable</name>
         <load_address>0x342a</load_address>
         <run_address>0x342a</run_address>
         <size>0xa</size>
         <input_file_ref idref="fl-dd"/>
      </object_component>
      <object_component id="oc-309">
         <name>.text:TimerValueGet</name>
         <load_address>0x3434</load_address>
         <run_address>0x3434</run_address>
         <size>0xa</size>
         <input_file_ref idref="fl-e0"/>
      </object_component>
      <object_component id="oc-2ab">
         <name>.text:SSIBusy</name>
         <load_address>0x343e</load_address>
         <run_address>0x343e</run_address>
         <size>0x8</size>
         <input_file_ref idref="fl-dd"/>
      </object_component>
      <object_component id="oc-143">
         <name>.text:GPIOIntClear</name>
         <load_address>0x3446</load_address>
         <run_address>0x3446</run_address>
         <size>0x6</size>
         <input_file_ref idref="fl-db"/>
      </object_component>
      <object_component id="oc-13d">
         <name>.text:GPIOPinRead</name>
         <load_address>0x344c</load_address>
         <run_address>0x344c</run_address>
         <size>0x6</size>
         <input_file_ref idref="fl-db"/>
      </object_component>
      <object_component id="oc-137">
         <name>.text:GPIOPinWrite</name>
         <load_address>0x3452</load_address>
         <run_address>0x3452</run_address>
         <size>0x6</size>
         <input_file_ref idref="fl-db"/>
      </object_component>
      <object_component id="oc-293">
         <name>.text:SSIClockSourceSet</name>
         <load_address>0x3458</load_address>
         <run_address>0x3458</run_address>
         <size>0x6</size>
         <input_file_ref idref="fl-dd"/>
      </object_component>
      <object_component id="oc-188">
         <name>.text:SysCtlDelay</name>
         <load_address>0x345e</load_address>
         <run_address>0x345e</run_address>
         <size>0x6</size>
         <input_file_ref idref="fl-de"/>
      </object_component>
      <object_component id="oc-60">
         <name>.text</name>
         <load_address>0x3464</load_address>
         <run_address>0x3464</run_address>
         <size>0x4</size>
         <input_file_ref idref="fl-d1"/>
      </object_component>
      <object_component id="oc-a6">
         <name>.text</name>
         <load_address>0x3468</load_address>
         <run_address>0x3468</run_address>
         <size>0x2</size>
         <input_file_ref idref="fl-d9"/>
      </object_component>
      <object_component id="oc-2bd">
         <name>.const:.string:rgbOledFont0</name>
         <load_address>0x346c</load_address>
         <run_address>0x346c</run_address>
         <size>0x300</size>
         <input_file_ref idref="fl-8"/>
      </object_component>
      <object_component id="oc-2d4">
         <name>.const:g_ppui32GPIOIntMapSnowflake</name>
         <load_address>0x376c</load_address>
         <run_address>0x376c</run_address>
         <size>0xd8</size>
         <input_file_ref idref="fl-db"/>
      </object_component>
      <object_component id="oc-2d1">
         <name>.const:g_ppui32GPIOIntMapBlizzard</name>
         <load_address>0x3844</load_address>
         <run_address>0x3844</run_address>
         <size>0xc0</size>
         <input_file_ref idref="fl-db"/>
      </object_component>
      <object_component id="oc-311">
         <name>.const:g_pui32GPIOBaseAddrs</name>
         <load_address>0x3904</load_address>
         <run_address>0x3904</run_address>
         <size>0x90</size>
         <input_file_ref idref="fl-db"/>
      </object_component>
      <object_component id="oc-1d4">
         <name>.const:g_pui32Xtals</name>
         <load_address>0x3994</load_address>
         <run_address>0x3994</run_address>
         <size>0x6c</size>
         <input_file_ref idref="fl-de"/>
      </object_component>
      <object_component id="oc-2c3">
         <name>.const:.string:rgbFillPat</name>
         <load_address>0x3a00</load_address>
         <run_address>0x3a00</run_address>
         <size>0x40</size>
         <input_file_ref idref="fl-9"/>
      </object_component>
      <object_component id="oc-219">
         <name>.const:g_psDaysToMonth</name>
         <load_address>0x3a40</load_address>
         <run_address>0x3a40</run_address>
         <size>0x30</size>
         <input_file_ref idref="fl-6"/>
      </object_component>
      <object_component id="oc-21c">
         <name>.const:g_pfExponents</name>
         <load_address>0x3a70</load_address>
         <run_address>0x3a70</run_address>
         <size>0x18</size>
         <input_file_ref idref="fl-6"/>
      </object_component>
      <object_component id="oc-2cd">
         <name>.const:g_pui32EnRegs</name>
         <load_address>0x3a88</load_address>
         <run_address>0x3a88</run_address>
         <size>0x14</size>
         <input_file_ref idref="fl-dc"/>
      </object_component>
      <object_component id="oc-2df">
         <name>.const:.string</name>
         <load_address>0x3a9c</load_address>
         <run_address>0x3a9c</run_address>
         <size>0x12</size>
         <input_file_ref idref="fl-6"/>
      </object_component>
      <object_component id="oc-216">
         <name>.const</name>
         <load_address>0x3ab0</load_address>
         <run_address>0x3ab0</run_address>
         <size>0x4</size>
         <input_file_ref idref="fl-6"/>
      </object_component>
      <object_component id="oc-35c">
         <name>.cinit..data.load</name>
         <load_address>0x3ab8</load_address>
         <run_address>0x3ab8</run_address>
         <size>0x1c</size>
      </object_component>
      <object_component id="oc-359">
         <name>__TI_handler_table</name>
         <load_address>0x3ad4</load_address>
         <run_address>0x3ad4</run_address>
         <size>0xc</size>
      </object_component>
      <object_component id="oc-35d">
         <name>.cinit..bss.load</name>
         <load_address>0x3ae0</load_address>
         <run_address>0x3ae0</run_address>
         <size>0x8</size>
      </object_component>
      <object_component id="oc-35b">
         <name>.cinit..vtable.load</name>
         <load_address>0x3ae8</load_address>
         <run_address>0x3ae8</run_address>
         <size>0x8</size>
      </object_component>
      <object_component id="oc-35a">
         <name>__TI_cinit_table</name>
         <load_address>0x3af0</load_address>
         <run_address>0x3af0</run_address>
         <size>0x18</size>
      </object_component>
      <object_component id="oc-267">
         <name>.vtable</name>
         <uninitialized>true</uninitialized>
         <run_address>0x20000000</run_address>
         <size>0x26c</size>
         <input_file_ref idref="fl-dc"/>
      </object_component>
      <object_component id="oc-18c">
         <name>.data</name>
         <load_address>0x20000a00</load_address>
         <run_address>0x20000a00</run_address>
         <size>0x2</size>
         <input_file_ref idref="fl-2"/>
      </object_component>
      <object_component id="oc-21f">
         <name>.data</name>
         <load_address>0x200009fc</load_address>
         <run_address>0x200009fc</run_address>
         <size>0x4</size>
         <input_file_ref idref="fl-6"/>
      </object_component>
      <object_component id="oc-b6">
         <name>.data:$O1$$</name>
         <load_address>0x200009d8</load_address>
         <run_address>0x200009d8</run_address>
         <size>0xc</size>
         <input_file_ref idref="fl-cc"/>
      </object_component>
      <object_component id="oc-252">
         <name>.data:$O1$$</name>
         <load_address>0x200009e4</load_address>
         <run_address>0x200009e4</run_address>
         <size>0xc</size>
         <input_file_ref idref="fl-ce"/>
      </object_component>
      <object_component id="oc-78">
         <name>.data</name>
         <load_address>0x200009f8</load_address>
         <run_address>0x200009f8</run_address>
         <size>0x4</size>
         <input_file_ref idref="fl-d2"/>
      </object_component>
      <object_component id="oc-b9">
         <name>.data:$O1$$</name>
         <load_address>0x200009f0</load_address>
         <run_address>0x200009f0</run_address>
         <size>0x8</size>
         <input_file_ref idref="fl-d4"/>
      </object_component>
      <object_component id="oc-189">
         <name>.bss:g_inBuffer</name>
         <uninitialized>true</uninitialized>
         <run_address>0x2000056c</run_address>
         <size>0x10</size>
         <input_file_ref idref="fl-2"/>
      </object_component>
      <object_component id="oc-185">
         <name>.bss</name>
         <uninitialized>true</uninitialized>
         <run_address>0x2000057c</run_address>
         <size>0x6</size>
         <input_file_ref idref="fl-2"/>
      </object_component>
      <object_component id="oc-1bd">
         <name>.bss:but_state</name>
         <uninitialized>true</uninitialized>
         <run_address>0x2000058e</run_address>
         <size>0x4</size>
         <input_file_ref idref="fl-3"/>
      </object_component>
      <object_component id="oc-1c0">
         <name>.bss:but_count</name>
         <uninitialized>true</uninitialized>
         <run_address>0x20000582</run_address>
         <size>0x4</size>
         <input_file_ref idref="fl-3"/>
      </object_component>
      <object_component id="oc-1c3">
         <name>.bss:but_flag</name>
         <uninitialized>true</uninitialized>
         <run_address>0x20000586</run_address>
         <size>0x4</size>
         <input_file_ref idref="fl-3"/>
      </object_component>
      <object_component id="oc-1ba">
         <name>.bss:but_normal</name>
         <uninitialized>true</uninitialized>
         <run_address>0x2000058a</run_address>
         <size>0x4</size>
         <input_file_ref idref="fl-3"/>
      </object_component>
      <object_component id="oc-2f1">
         <name>.common:xcoOledCur</name>
         <uninitialized>true</uninitialized>
         <run_address>0x200005c4</run_address>
         <size>0x4</size>
      </object_component>
      <object_component id="oc-2f2">
         <name>.common:ycoOledCur</name>
         <uninitialized>true</uninitialized>
         <run_address>0x200005d0</run_address>
         <size>0x4</size>
      </object_component>
      <object_component id="oc-27f">
         <name>.common:pbOledCur</name>
         <uninitialized>true</uninitialized>
         <run_address>0x200005a8</run_address>
         <size>0x4</size>
      </object_component>
      <object_component id="oc-2f3">
         <name>.common:bnOledCur</name>
         <uninitialized>true</uninitialized>
         <run_address>0x20000594</run_address>
         <size>0x4</size>
      </object_component>
      <object_component id="oc-2c1">
         <name>.common:clrOledCur</name>
         <uninitialized>true</uninitialized>
         <run_address>0x20000592</run_address>
         <size>0x1</size>
      </object_component>
      <object_component id="oc-2c2">
         <name>.common:pbOledPatCur</name>
         <uninitialized>true</uninitialized>
         <run_address>0x200005b4</run_address>
         <size>0x4</size>
      </object_component>
      <object_component id="oc-27d">
         <name>.common:fOledCharUpdate</name>
         <uninitialized>true</uninitialized>
         <run_address>0x200005a0</run_address>
         <size>0x4</size>
      </object_component>
      <object_component id="oc-278">
         <name>.common:dxcoOledFontCur</name>
         <uninitialized>true</uninitialized>
         <run_address>0x20000598</run_address>
         <size>0x4</size>
      </object_component>
      <object_component id="oc-27b">
         <name>.common:dycoOledFontCur</name>
         <uninitialized>true</uninitialized>
         <run_address>0x2000059c</run_address>
         <size>0x4</size>
      </object_component>
      <object_component id="oc-27e">
         <name>.common:pbOledFontCur</name>
         <uninitialized>true</uninitialized>
         <run_address>0x200005ac</run_address>
         <size>0x4</size>
      </object_component>
      <object_component id="oc-27c">
         <name>.common:pbOledFontUser</name>
         <uninitialized>true</uninitialized>
         <run_address>0x200005b0</run_address>
         <size>0x4</size>
      </object_component>
      <object_component id="oc-2c6">
         <name>.common:rgbOledBmp</name>
         <uninitialized>true</uninitialized>
         <run_address>0x2000026c</run_address>
         <size>0x200</size>
      </object_component>
      <object_component id="oc-276">
         <name>.common:xchOledCur</name>
         <uninitialized>true</uninitialized>
         <run_address>0x200005bc</run_address>
         <size>0x4</size>
      </object_component>
      <object_component id="oc-277">
         <name>.common:ychOledCur</name>
         <uninitialized>true</uninitialized>
         <run_address>0x200005c8</run_address>
         <size>0x4</size>
      </object_component>
      <object_component id="oc-272">
         <name>.common:xchOledMax</name>
         <uninitialized>true</uninitialized>
         <run_address>0x200005c0</run_address>
         <size>0x4</size>
      </object_component>
      <object_component id="oc-275">
         <name>.common:ychOledMax</name>
         <uninitialized>true</uninitialized>
         <run_address>0x200005cc</run_address>
         <size>0x4</size>
      </object_component>
      <object_component id="oc-2c0">
         <name>.common:rgbOledFontUser</name>
         <uninitialized>true</uninitialized>
         <run_address>0x2000046c</run_address>
         <size>0x100</size>
      </object_component>
      <object_component id="oc-2f7">
         <name>.common:pfnDoRop</name>
         <uninitialized>true</uninitialized>
         <run_address>0x200005b8</run_address>
         <size>0x4</size>
      </object_component>
      <object_component id="oc-2f4">
         <name>.common:modOledCur</name>
         <uninitialized>true</uninitialized>
         <run_address>0x200005a4</run_address>
         <size>0x4</size>
      </object_component>
      <object_component id="oc-2b">
         <name>.sysmem</name>
         <uninitialized>true</uninitialized>
         <run_address>0x200007d8</run_address>
         <size>0x8</size>
         <input_file_ref idref="fl-ce"/>
      </object_component>
      <object_component id="oc-35f">
         <name>.sysmem</name>
         <uninitialized>true</uninitialized>
         <run_address>0x200007d8</run_address>
         <size>0x0</size>
      </object_component>
      <object_component id="oc-2a">
         <name>.stack</name>
         <uninitialized>true</uninitialized>
         <run_address>0x200005d4</run_address>
         <size>0x0</size>
         <input_file_ref idref="fl-c8"/>
      </object_component>
      <object_component id="oc-35e">
         <name>.stack</name>
         <uninitialized>true</uninitialized>
         <run_address>0x200005d4</run_address>
         <size>0x0</size>
      </object_component>
      <object_component id="oc-190">
         <name>.debug_info</name>
         <load_address>0x0</load_address>
         <run_address>0x0</run_address>
         <size>0x93f</size>
         <input_file_ref idref="fl-2"/>
      </object_component>
      <object_component id="oc-18a">
         <name>.debug_info</name>
         <load_address>0x93f</load_address>
         <run_address>0x93f</run_address>
         <size>0xf5</size>
         <input_file_ref idref="fl-2"/>
      </object_component>
      <object_component id="oc-186">
         <name>.debug_info</name>
         <load_address>0xa34</load_address>
         <run_address>0xa34</run_address>
         <size>0x10d</size>
         <input_file_ref idref="fl-2"/>
      </object_component>
      <object_component id="oc-18d">
         <name>.debug_info</name>
         <load_address>0xb41</load_address>
         <run_address>0xb41</run_address>
         <size>0xfd</size>
         <input_file_ref idref="fl-2"/>
      </object_component>
      <object_component id="oc-af">
         <name>.debug_info</name>
         <load_address>0xc3e</load_address>
         <run_address>0xc3e</run_address>
         <size>0x9d5</size>
         <input_file_ref idref="fl-2"/>
      </object_component>
      <object_component id="oc-239">
         <name>.debug_info</name>
         <load_address>0x1613</load_address>
         <run_address>0x1613</run_address>
         <size>0x86</size>
         <input_file_ref idref="fl-2"/>
      </object_component>
      <object_component id="oc-224">
         <name>.debug_info</name>
         <load_address>0x1699</load_address>
         <run_address>0x1699</run_address>
         <size>0x196</size>
         <input_file_ref idref="fl-2"/>
      </object_component>
      <object_component id="oc-cd">
         <name>.debug_info</name>
         <load_address>0x182f</load_address>
         <run_address>0x182f</run_address>
         <size>0x8b</size>
         <input_file_ref idref="fl-2"/>
      </object_component>
      <object_component id="oc-83">
         <name>.debug_info</name>
         <load_address>0x18ba</load_address>
         <run_address>0x18ba</run_address>
         <size>0x18b</size>
         <input_file_ref idref="fl-2"/>
      </object_component>
      <object_component id="oc-229">
         <name>.debug_info</name>
         <load_address>0x1a45</load_address>
         <run_address>0x1a45</run_address>
         <size>0x4e</size>
         <input_file_ref idref="fl-2"/>
      </object_component>
      <object_component id="oc-1c7">
         <name>.debug_info</name>
         <load_address>0x1a93</load_address>
         <run_address>0x1a93</run_address>
         <size>0x375</size>
         <input_file_ref idref="fl-3"/>
      </object_component>
      <object_component id="oc-1be">
         <name>.debug_info</name>
         <load_address>0x1e08</load_address>
         <run_address>0x1e08</run_address>
         <size>0xf1</size>
         <input_file_ref idref="fl-3"/>
      </object_component>
      <object_component id="oc-1c1">
         <name>.debug_info</name>
         <load_address>0x1ef9</load_address>
         <run_address>0x1ef9</run_address>
         <size>0xf1</size>
         <input_file_ref idref="fl-3"/>
      </object_component>
      <object_component id="oc-1c4">
         <name>.debug_info</name>
         <load_address>0x1fea</load_address>
         <run_address>0x1fea</run_address>
         <size>0xef</size>
         <input_file_ref idref="fl-3"/>
      </object_component>
      <object_component id="oc-1bb">
         <name>.debug_info</name>
         <load_address>0x20d9</load_address>
         <run_address>0x20d9</run_address>
         <size>0xf3</size>
         <input_file_ref idref="fl-3"/>
      </object_component>
      <object_component id="oc-ed">
         <name>.debug_info</name>
         <load_address>0x21cc</load_address>
         <run_address>0x21cc</run_address>
         <size>0x3b9</size>
         <input_file_ref idref="fl-3"/>
      </object_component>
      <object_component id="oc-1d0">
         <name>.debug_info</name>
         <load_address>0x2585</load_address>
         <run_address>0x2585</run_address>
         <size>0x2ea</size>
         <input_file_ref idref="fl-4"/>
      </object_component>
      <object_component id="oc-f7">
         <name>.debug_info</name>
         <load_address>0x286f</load_address>
         <run_address>0x286f</run_address>
         <size>0x347</size>
         <input_file_ref idref="fl-4"/>
      </object_component>
      <object_component id="oc-258">
         <name>.debug_info</name>
         <load_address>0x2bb6</load_address>
         <run_address>0x2bb6</run_address>
         <size>0x110</size>
         <input_file_ref idref="fl-4"/>
      </object_component>
      <object_component id="oc-3d">
         <name>.debug_info</name>
         <load_address>0x2cc6</load_address>
         <run_address>0x2cc6</run_address>
         <size>0x84</size>
         <input_file_ref idref="fl-4"/>
      </object_component>
      <object_component id="oc-36">
         <name>.debug_info</name>
         <load_address>0x2d4a</load_address>
         <run_address>0x2d4a</run_address>
         <size>0x2b7</size>
         <input_file_ref idref="fl-5"/>
      </object_component>
      <object_component id="oc-10">
         <name>.debug_info</name>
         <load_address>0x3001</load_address>
         <run_address>0x3001</run_address>
         <size>0x108</size>
         <input_file_ref idref="fl-5"/>
      </object_component>
      <object_component id="oc-2f">
         <name>.debug_info</name>
         <load_address>0x3109</load_address>
         <run_address>0x3109</run_address>
         <size>0x284</size>
         <input_file_ref idref="fl-5"/>
      </object_component>
      <object_component id="oc-223">
         <name>.debug_info</name>
         <load_address>0x338d</load_address>
         <run_address>0x338d</run_address>
         <size>0x2f8</size>
         <input_file_ref idref="fl-6"/>
      </object_component>
      <object_component id="oc-217">
         <name>.debug_info</name>
         <load_address>0x3685</load_address>
         <run_address>0x3685</run_address>
         <size>0x111</size>
         <input_file_ref idref="fl-6"/>
      </object_component>
      <object_component id="oc-21a">
         <name>.debug_info</name>
         <load_address>0x3796</load_address>
         <run_address>0x3796</run_address>
         <size>0x122</size>
         <input_file_ref idref="fl-6"/>
      </object_component>
      <object_component id="oc-21d">
         <name>.debug_info</name>
         <load_address>0x38b8</load_address>
         <run_address>0x38b8</run_address>
         <size>0x11e</size>
         <input_file_ref idref="fl-6"/>
      </object_component>
      <object_component id="oc-220">
         <name>.debug_info</name>
         <load_address>0x39d6</load_address>
         <run_address>0x39d6</run_address>
         <size>0x11e</size>
         <input_file_ref idref="fl-6"/>
      </object_component>
      <object_component id="oc-17c">
         <name>.debug_info</name>
         <load_address>0x3af4</load_address>
         <run_address>0x3af4</run_address>
         <size>0x137a</size>
         <input_file_ref idref="fl-6"/>
      </object_component>
      <object_component id="oc-1f0">
         <name>.debug_info</name>
         <load_address>0x4e6e</load_address>
         <run_address>0x4e6e</run_address>
         <size>0x378</size>
         <input_file_ref idref="fl-7"/>
      </object_component>
      <object_component id="oc-127">
         <name>.debug_info</name>
         <load_address>0x51e6</load_address>
         <run_address>0x51e6</run_address>
         <size>0x3c1</size>
         <input_file_ref idref="fl-7"/>
      </object_component>
      <object_component id="oc-31f">
         <name>.debug_info</name>
         <load_address>0x55a7</load_address>
         <run_address>0x55a7</run_address>
         <size>0x11f</size>
         <input_file_ref idref="fl-8"/>
      </object_component>
      <object_component id="oc-2be">
         <name>.debug_info</name>
         <load_address>0x56c6</load_address>
         <run_address>0x56c6</run_address>
         <size>0x133</size>
         <input_file_ref idref="fl-8"/>
      </object_component>
      <object_component id="oc-322">
         <name>.debug_info</name>
         <load_address>0x57f9</load_address>
         <run_address>0x57f9</run_address>
         <size>0x11c</size>
         <input_file_ref idref="fl-9"/>
      </object_component>
      <object_component id="oc-2c4">
         <name>.debug_info</name>
         <load_address>0x5915</load_address>
         <run_address>0x5915</run_address>
         <size>0x12e</size>
         <input_file_ref idref="fl-9"/>
      </object_component>
      <object_component id="oc-279">
         <name>.debug_info</name>
         <load_address>0x5a43</load_address>
         <run_address>0x5a43</run_address>
         <size>0x87a</size>
         <input_file_ref idref="fl-a"/>
      </object_component>
      <object_component id="oc-1ea">
         <name>.debug_info</name>
         <load_address>0x62bd</load_address>
         <run_address>0x62bd</run_address>
         <size>0xe90</size>
         <input_file_ref idref="fl-a"/>
      </object_component>
      <object_component id="oc-273">
         <name>.debug_info</name>
         <load_address>0x714d</load_address>
         <run_address>0x714d</run_address>
         <size>0x4f7</size>
         <input_file_ref idref="fl-b"/>
      </object_component>
      <object_component id="oc-1e7">
         <name>.debug_info</name>
         <load_address>0x7644</load_address>
         <run_address>0x7644</run_address>
         <size>0xb63</size>
         <input_file_ref idref="fl-b"/>
      </object_component>
      <object_component id="oc-2f5">
         <name>.debug_info</name>
         <load_address>0x81a7</load_address>
         <run_address>0x81a7</run_address>
         <size>0x4ea</size>
         <input_file_ref idref="fl-c"/>
      </object_component>
      <object_component id="oc-26d">
         <name>.debug_info</name>
         <load_address>0x8691</load_address>
         <run_address>0x8691</run_address>
         <size>0x22a1</size>
         <input_file_ref idref="fl-c"/>
      </object_component>
      <object_component id="oc-282">
         <name>.debug_info</name>
         <load_address>0xa932</load_address>
         <run_address>0xa932</run_address>
         <size>0x30c</size>
         <input_file_ref idref="fl-d"/>
      </object_component>
      <object_component id="oc-26">
         <name>.debug_info</name>
         <load_address>0xac3e</load_address>
         <run_address>0xac3e</run_address>
         <size>0x160</size>
         <input_file_ref idref="fl-c8"/>
      </object_component>
      <object_component id="oc-8d">
         <name>.debug_info</name>
         <load_address>0xad9e</load_address>
         <run_address>0xad9e</run_address>
         <size>0x293</size>
         <input_file_ref idref="fl-c9"/>
      </object_component>
      <object_component id="oc-16">
         <name>.debug_info</name>
         <load_address>0xb031</load_address>
         <run_address>0xb031</run_address>
         <size>0x245</size>
         <input_file_ref idref="fl-c9"/>
      </object_component>
      <object_component id="oc-38">
         <name>.debug_info</name>
         <load_address>0xb276</load_address>
         <run_address>0xb276</run_address>
         <size>0x60</size>
         <input_file_ref idref="fl-c9"/>
      </object_component>
      <object_component id="oc-88">
         <name>.debug_info</name>
         <load_address>0xb2d6</load_address>
         <run_address>0xb2d6</run_address>
         <size>0x46</size>
         <input_file_ref idref="fl-c9"/>
      </object_component>
      <object_component id="oc-4d">
         <name>.debug_info</name>
         <load_address>0xb31c</load_address>
         <run_address>0xb31c</run_address>
         <size>0x2da</size>
         <input_file_ref idref="fl-ca"/>
      </object_component>
      <object_component id="oc-19">
         <name>.debug_info</name>
         <load_address>0xb5f6</load_address>
         <run_address>0xb5f6</run_address>
         <size>0x1df</size>
         <input_file_ref idref="fl-ca"/>
      </object_component>
      <object_component id="oc-48">
         <name>.debug_info</name>
         <load_address>0xb7d5</load_address>
         <run_address>0xb7d5</run_address>
         <size>0x46</size>
         <input_file_ref idref="fl-ca"/>
      </object_component>
      <object_component id="oc-8f">
         <name>.debug_info</name>
         <load_address>0xb81b</load_address>
         <run_address>0xb81b</run_address>
         <size>0x2c</size>
         <input_file_ref idref="fl-ca"/>
      </object_component>
      <object_component id="oc-59">
         <name>.debug_info</name>
         <load_address>0xb847</load_address>
         <run_address>0xb847</run_address>
         <size>0x2c9</size>
         <input_file_ref idref="fl-cb"/>
      </object_component>
      <object_component id="oc-20">
         <name>.debug_info</name>
         <load_address>0xbb10</load_address>
         <run_address>0xbb10</run_address>
         <size>0x1aa</size>
         <input_file_ref idref="fl-cb"/>
      </object_component>
      <object_component id="oc-54">
         <name>.debug_info</name>
         <load_address>0xbcba</load_address>
         <run_address>0xbcba</run_address>
         <size>0x46</size>
         <input_file_ref idref="fl-cb"/>
      </object_component>
      <object_component id="oc-97">
         <name>.debug_info</name>
         <load_address>0xbd00</load_address>
         <run_address>0xbd00</run_address>
         <size>0x2c</size>
         <input_file_ref idref="fl-cb"/>
      </object_component>
      <object_component id="oc-bd">
         <name>.debug_info</name>
         <load_address>0xbd2c</load_address>
         <run_address>0xbd2c</run_address>
         <size>0x3ce</size>
         <input_file_ref idref="fl-cc"/>
      </object_component>
      <object_component id="oc-b7">
         <name>.debug_info</name>
         <load_address>0xc0fa</load_address>
         <run_address>0xc0fa</run_address>
         <size>0x185</size>
         <input_file_ref idref="fl-cc"/>
      </object_component>
      <object_component id="oc-73">
         <name>.debug_info</name>
         <load_address>0xc27f</load_address>
         <run_address>0xc27f</run_address>
         <size>0x214</size>
         <input_file_ref idref="fl-cc"/>
      </object_component>
      <object_component id="oc-43">
         <name>.debug_info</name>
         <load_address>0xc493</load_address>
         <run_address>0xc493</run_address>
         <size>0x111</size>
         <input_file_ref idref="fl-cd"/>
      </object_component>
      <object_component id="oc-7e">
         <name>.debug_info</name>
         <load_address>0xc5a4</load_address>
         <run_address>0xc5a4</run_address>
         <size>0x3bc</size>
         <input_file_ref idref="fl-ce"/>
      </object_component>
      <object_component id="oc-2c">
         <name>.debug_info</name>
         <load_address>0xc960</load_address>
         <run_address>0xc960</run_address>
         <size>0x101</size>
         <input_file_ref idref="fl-ce"/>
      </object_component>
      <object_component id="oc-253">
         <name>.debug_info</name>
         <load_address>0xca61</load_address>
         <run_address>0xca61</run_address>
         <size>0x14c</size>
         <input_file_ref idref="fl-ce"/>
      </object_component>
      <object_component id="oc-1cc">
         <name>.debug_info</name>
         <load_address>0xcbad</load_address>
         <run_address>0xcbad</run_address>
         <size>0x885</size>
         <input_file_ref idref="fl-ce"/>
      </object_component>
      <object_component id="oc-c3">
         <name>.debug_info</name>
         <load_address>0xd432</load_address>
         <run_address>0xd432</run_address>
         <size>0x2c</size>
         <input_file_ref idref="fl-ce"/>
      </object_component>
      <object_component id="oc-c8">
         <name>.debug_info</name>
         <load_address>0xd45e</load_address>
         <run_address>0xd45e</run_address>
         <size>0x62</size>
         <input_file_ref idref="fl-ce"/>
      </object_component>
      <object_component id="oc-4f">
         <name>.debug_info</name>
         <load_address>0xd4c0</load_address>
         <run_address>0xd4c0</run_address>
         <size>0x13f</size>
         <input_file_ref idref="fl-cf"/>
      </object_component>
      <object_component id="oc-5e">
         <name>.debug_info</name>
         <load_address>0xd5ff</load_address>
         <run_address>0xd5ff</run_address>
         <size>0x138</size>
         <input_file_ref idref="fl-d0"/>
      </object_component>
      <object_component id="oc-61">
         <name>.debug_info</name>
         <load_address>0xd737</load_address>
         <run_address>0xd737</run_address>
         <size>0x148</size>
         <input_file_ref idref="fl-d1"/>
      </object_component>
      <object_component id="oc-79">
         <name>.debug_info</name>
         <load_address>0xd87f</load_address>
         <run_address>0xd87f</run_address>
         <size>0x109</size>
         <input_file_ref idref="fl-d2"/>
      </object_component>
      <object_component id="oc-212">
         <name>.debug_info</name>
         <load_address>0xd988</load_address>
         <run_address>0xd988</run_address>
         <size>0x13a</size>
         <input_file_ref idref="fl-d3"/>
      </object_component>
      <object_component id="oc-1a2">
         <name>.debug_info</name>
         <load_address>0xdac2</load_address>
         <run_address>0xdac2</run_address>
         <size>0x2be</size>
         <input_file_ref idref="fl-d4"/>
      </object_component>
      <object_component id="oc-ba">
         <name>.debug_info</name>
         <load_address>0xdd80</load_address>
         <run_address>0xdd80</run_address>
         <size>0x113</size>
         <input_file_ref idref="fl-d4"/>
      </object_component>
      <object_component id="oc-19b">
         <name>.debug_info</name>
         <load_address>0xde93</load_address>
         <run_address>0xde93</run_address>
         <size>0x21f</size>
         <input_file_ref idref="fl-d4"/>
      </object_component>
      <object_component id="oc-b5">
         <name>.debug_info</name>
         <load_address>0xe0b2</load_address>
         <run_address>0xe0b2</run_address>
         <size>0x300</size>
         <input_file_ref idref="fl-d5"/>
      </object_component>
      <object_component id="oc-6e">
         <name>.debug_info</name>
         <load_address>0xe3b2</load_address>
         <run_address>0xe3b2</run_address>
         <size>0x167</size>
         <input_file_ref idref="fl-d5"/>
      </object_component>
      <object_component id="oc-193">
         <name>.debug_info</name>
         <load_address>0xe519</load_address>
         <run_address>0xe519</run_address>
         <size>0x5e</size>
         <input_file_ref idref="fl-d5"/>
      </object_component>
      <object_component id="oc-ad">
         <name>.debug_info</name>
         <load_address>0xe577</load_address>
         <run_address>0xe577</run_address>
         <size>0x483</size>
         <input_file_ref idref="fl-d6"/>
      </object_component>
      <object_component id="oc-67">
         <name>.debug_info</name>
         <load_address>0xe9fa</load_address>
         <run_address>0xe9fa</run_address>
         <size>0x190</size>
         <input_file_ref idref="fl-d6"/>
      </object_component>
      <object_component id="oc-d9">
         <name>.debug_info</name>
         <load_address>0xeb8a</load_address>
         <run_address>0xeb8a</run_address>
         <size>0x39</size>
         <input_file_ref idref="fl-d6"/>
      </object_component>
      <object_component id="oc-1ad">
         <name>.debug_info</name>
         <load_address>0xebc3</load_address>
         <run_address>0xebc3</run_address>
         <size>0x39</size>
         <input_file_ref idref="fl-d6"/>
      </object_component>
      <object_component id="oc-de">
         <name>.debug_info</name>
         <load_address>0xebfc</load_address>
         <run_address>0xebfc</run_address>
         <size>0xcd</size>
         <input_file_ref idref="fl-d6"/>
      </object_component>
      <object_component id="oc-d5">
         <name>.debug_info</name>
         <load_address>0xecc9</load_address>
         <run_address>0xecc9</run_address>
         <size>0x37a</size>
         <input_file_ref idref="fl-d7"/>
      </object_component>
      <object_component id="oc-a4">
         <name>.debug_info</name>
         <load_address>0xf043</load_address>
         <run_address>0xf043</run_address>
         <size>0x183</size>
         <input_file_ref idref="fl-d7"/>
      </object_component>
      <object_component id="oc-1a8">
         <name>.debug_info</name>
         <load_address>0xf1c6</load_address>
         <run_address>0xf1c6</run_address>
         <size>0x2c</size>
         <input_file_ref idref="fl-d7"/>
      </object_component>
      <object_component id="oc-2d9">
         <name>.debug_info</name>
         <load_address>0xf1f2</load_address>
         <run_address>0xf1f2</run_address>
         <size>0x147</size>
         <input_file_ref idref="fl-d8"/>
      </object_component>
      <object_component id="oc-a9">
         <name>.debug_info</name>
         <load_address>0xf339</load_address>
         <run_address>0xf339</run_address>
         <size>0x145</size>
         <input_file_ref idref="fl-d9"/>
      </object_component>
      <object_component id="oc-1b3">
         <name>.debug_info</name>
         <load_address>0xf47e</load_address>
         <run_address>0xf47e</run_address>
         <size>0x356</size>
         <input_file_ref idref="fl-da"/>
      </object_component>
      <object_component id="oc-158">
         <name>.debug_info</name>
         <load_address>0xf7d4</load_address>
         <run_address>0xf7d4</run_address>
         <size>0x29c</size>
         <input_file_ref idref="fl-da"/>
      </object_component>
      <object_component id="oc-15e">
         <name>.debug_info</name>
         <load_address>0xfa70</load_address>
         <run_address>0xfa70</run_address>
         <size>0x209</size>
         <input_file_ref idref="fl-da"/>
      </object_component>
      <object_component id="oc-f2">
         <name>.debug_info</name>
         <load_address>0xfc79</load_address>
         <run_address>0xfc79</run_address>
         <size>0x268</size>
         <input_file_ref idref="fl-da"/>
      </object_component>
      <object_component id="oc-152">
         <name>.debug_info</name>
         <load_address>0xfee1</load_address>
         <run_address>0xfee1</run_address>
         <size>0x28f</size>
         <input_file_ref idref="fl-da"/>
      </object_component>
      <object_component id="oc-e5">
         <name>.debug_info</name>
         <load_address>0x10170</load_address>
         <run_address>0x10170</run_address>
         <size>0x20d</size>
         <input_file_ref idref="fl-da"/>
      </object_component>
      <object_component id="oc-1fd">
         <name>.debug_info</name>
         <load_address>0x1037d</load_address>
         <run_address>0x1037d</run_address>
         <size>0x228</size>
         <input_file_ref idref="fl-da"/>
      </object_component>
      <object_component id="oc-163">
         <name>.debug_info</name>
         <load_address>0x105a5</load_address>
         <run_address>0x105a5</run_address>
         <size>0x248</size>
         <input_file_ref idref="fl-da"/>
      </object_component>
      <object_component id="oc-169">
         <name>.debug_info</name>
         <load_address>0x107ed</load_address>
         <run_address>0x107ed</run_address>
         <size>0x1ff</size>
         <input_file_ref idref="fl-da"/>
      </object_component>
      <object_component id="oc-fd">
         <name>.debug_info</name>
         <load_address>0x109ec</load_address>
         <run_address>0x109ec</run_address>
         <size>0x1fd</size>
         <input_file_ref idref="fl-da"/>
      </object_component>
      <object_component id="oc-1f2">
         <name>.debug_info</name>
         <load_address>0x10be9</load_address>
         <run_address>0x10be9</run_address>
         <size>0x385</size>
         <input_file_ref idref="fl-db"/>
      </object_component>
      <object_component id="oc-2d2">
         <name>.debug_info</name>
         <load_address>0x10f6e</load_address>
         <run_address>0x10f6e</run_address>
         <size>0x11e</size>
         <input_file_ref idref="fl-db"/>
      </object_component>
      <object_component id="oc-2d5">
         <name>.debug_info</name>
         <load_address>0x1108c</load_address>
         <run_address>0x1108c</run_address>
         <size>0x120</size>
         <input_file_ref idref="fl-db"/>
      </object_component>
      <object_component id="oc-312">
         <name>.debug_info</name>
         <load_address>0x111ac</load_address>
         <run_address>0x111ac</run_address>
         <size>0x112</size>
         <input_file_ref idref="fl-db"/>
      </object_component>
      <object_component id="oc-13a">
         <name>.debug_info</name>
         <load_address>0x112be</load_address>
         <run_address>0x112be</run_address>
         <size>0x20c</size>
         <input_file_ref idref="fl-db"/>
      </object_component>
      <object_component id="oc-134">
         <name>.debug_info</name>
         <load_address>0x114ca</load_address>
         <run_address>0x114ca</run_address>
         <size>0x21c</size>
         <input_file_ref idref="fl-db"/>
      </object_component>
      <object_component id="oc-12e">
         <name>.debug_info</name>
         <load_address>0x116e6</load_address>
         <run_address>0x116e6</run_address>
         <size>0x27f</size>
         <input_file_ref idref="fl-db"/>
      </object_component>
      <object_component id="oc-28a">
         <name>.debug_info</name>
         <load_address>0x11965</load_address>
         <run_address>0x11965</run_address>
         <size>0x1f9</size>
         <input_file_ref idref="fl-db"/>
      </object_component>
      <object_component id="oc-2a8">
         <name>.debug_info</name>
         <load_address>0x11b5e</load_address>
         <run_address>0x11b5e</run_address>
         <size>0x220</size>
         <input_file_ref idref="fl-db"/>
      </object_component>
      <object_component id="oc-1b7">
         <name>.debug_info</name>
         <load_address>0x11d7e</load_address>
         <run_address>0x11d7e</run_address>
         <size>0x205</size>
         <input_file_ref idref="fl-db"/>
      </object_component>
      <object_component id="oc-140">
         <name>.debug_info</name>
         <load_address>0x11f83</load_address>
         <run_address>0x11f83</run_address>
         <size>0x1e4</size>
         <input_file_ref idref="fl-db"/>
      </object_component>
      <object_component id="oc-290">
         <name>.debug_info</name>
         <load_address>0x12167</load_address>
         <run_address>0x12167</run_address>
         <size>0x1e9</size>
         <input_file_ref idref="fl-db"/>
      </object_component>
      <object_component id="oc-20c">
         <name>.debug_info</name>
         <load_address>0x12350</load_address>
         <run_address>0x12350</run_address>
         <size>0x201</size>
         <input_file_ref idref="fl-db"/>
      </object_component>
      <object_component id="oc-171">
         <name>.debug_info</name>
         <load_address>0x12551</load_address>
         <run_address>0x12551</run_address>
         <size>0x238</size>
         <input_file_ref idref="fl-db"/>
      </object_component>
      <object_component id="oc-177">
         <name>.debug_info</name>
         <load_address>0x12789</load_address>
         <run_address>0x12789</run_address>
         <size>0x1f8</size>
         <input_file_ref idref="fl-db"/>
      </object_component>
      <object_component id="oc-147">
         <name>.debug_info</name>
         <load_address>0x12981</load_address>
         <run_address>0x12981</run_address>
         <size>0x1f6</size>
         <input_file_ref idref="fl-db"/>
      </object_component>
      <object_component id="oc-26b">
         <name>.debug_info</name>
         <load_address>0x12b77</load_address>
         <run_address>0x12b77</run_address>
         <size>0x353</size>
         <input_file_ref idref="fl-dc"/>
      </object_component>
      <object_component id="oc-2ce">
         <name>.debug_info</name>
         <load_address>0x12eca</load_address>
         <run_address>0x12eca</run_address>
         <size>0x109</size>
         <input_file_ref idref="fl-dc"/>
      </object_component>
      <object_component id="oc-268">
         <name>.debug_info</name>
         <load_address>0x12fd3</load_address>
         <run_address>0x12fd3</run_address>
         <size>0x10e</size>
         <input_file_ref idref="fl-dc"/>
      </object_component>
      <object_component id="oc-1dc">
         <name>.debug_info</name>
         <load_address>0x130e1</load_address>
         <run_address>0x130e1</run_address>
         <size>0x22a</size>
         <input_file_ref idref="fl-dc"/>
      </object_component>
      <object_component id="oc-180">
         <name>.debug_info</name>
         <load_address>0x1330b</load_address>
         <run_address>0x1330b</run_address>
         <size>0x1a7</size>
         <input_file_ref idref="fl-dc"/>
      </object_component>
      <object_component id="oc-202">
         <name>.debug_info</name>
         <load_address>0x134b2</load_address>
         <run_address>0x134b2</run_address>
         <size>0x1d1</size>
         <input_file_ref idref="fl-dc"/>
      </object_component>
      <object_component id="oc-316">
         <name>.debug_info</name>
         <load_address>0x13683</load_address>
         <run_address>0x13683</run_address>
         <size>0x361</size>
         <input_file_ref idref="fl-dd"/>
      </object_component>
      <object_component id="oc-2a1">
         <name>.debug_info</name>
         <load_address>0x139e4</load_address>
         <run_address>0x139e4</run_address>
         <size>0x1ab</size>
         <input_file_ref idref="fl-dd"/>
      </object_component>
      <object_component id="oc-2b3">
         <name>.debug_info</name>
         <load_address>0x13b8f</load_address>
         <run_address>0x13b8f</run_address>
         <size>0x1df</size>
         <input_file_ref idref="fl-dd"/>
      </object_component>
      <object_component id="oc-2b9">
         <name>.debug_info</name>
         <load_address>0x13d6e</load_address>
         <run_address>0x13d6e</run_address>
         <size>0x1e3</size>
         <input_file_ref idref="fl-dd"/>
      </object_component>
      <object_component id="oc-29b">
         <name>.debug_info</name>
         <load_address>0x13f51</load_address>
         <run_address>0x13f51</run_address>
         <size>0x342</size>
         <input_file_ref idref="fl-dd"/>
      </object_component>
      <object_component id="oc-296">
         <name>.debug_info</name>
         <load_address>0x14293</load_address>
         <run_address>0x14293</run_address>
         <size>0x1f5</size>
         <input_file_ref idref="fl-dd"/>
      </object_component>
      <object_component id="oc-2ae">
         <name>.debug_info</name>
         <load_address>0x14488</load_address>
         <run_address>0x14488</run_address>
         <size>0x1ab</size>
         <input_file_ref idref="fl-dd"/>
      </object_component>
      <object_component id="oc-1d3">
         <name>.debug_info</name>
         <load_address>0x14633</load_address>
         <run_address>0x14633</run_address>
         <size>0x3dd</size>
         <input_file_ref idref="fl-de"/>
      </object_component>
      <object_component id="oc-1d5">
         <name>.debug_info</name>
         <load_address>0x14a10</load_address>
         <run_address>0x14a10</run_address>
         <size>0x104</size>
         <input_file_ref idref="fl-de"/>
      </object_component>
      <object_component id="oc-14a">
         <name>.debug_info</name>
         <load_address>0x14b14</load_address>
         <run_address>0x14b14</run_address>
         <size>0x1e6</size>
         <input_file_ref idref="fl-de"/>
      </object_component>
      <object_component id="oc-103">
         <name>.debug_info</name>
         <load_address>0x14cfa</load_address>
         <run_address>0x14cfa</run_address>
         <size>0x244</size>
         <input_file_ref idref="fl-de"/>
      </object_component>
      <object_component id="oc-109">
         <name>.debug_info</name>
         <load_address>0x14f3e</load_address>
         <run_address>0x14f3e</run_address>
         <size>0x21e</size>
         <input_file_ref idref="fl-de"/>
      </object_component>
      <object_component id="oc-25f">
         <name>.debug_info</name>
         <load_address>0x1515c</load_address>
         <run_address>0x1515c</run_address>
         <size>0x51</size>
         <input_file_ref idref="fl-de"/>
      </object_component>
      <object_component id="oc-1d9">
         <name>.debug_info</name>
         <load_address>0x151ad</load_address>
         <run_address>0x151ad</run_address>
         <size>0x2e2</size>
         <input_file_ref idref="fl-df"/>
      </object_component>
      <object_component id="oc-10f">
         <name>.debug_info</name>
         <load_address>0x1548f</load_address>
         <run_address>0x1548f</run_address>
         <size>0x1ca</size>
         <input_file_ref idref="fl-df"/>
      </object_component>
      <object_component id="oc-115">
         <name>.debug_info</name>
         <load_address>0x15659</load_address>
         <run_address>0x15659</run_address>
         <size>0x1e0</size>
         <input_file_ref idref="fl-df"/>
      </object_component>
      <object_component id="oc-11a">
         <name>.debug_info</name>
         <load_address>0x15839</load_address>
         <run_address>0x15839</run_address>
         <size>0x190</size>
         <input_file_ref idref="fl-df"/>
      </object_component>
      <object_component id="oc-121">
         <name>.debug_info</name>
         <load_address>0x159c9</load_address>
         <run_address>0x159c9</run_address>
         <size>0x18a</size>
         <input_file_ref idref="fl-df"/>
      </object_component>
      <object_component id="oc-32d">
         <name>.debug_info</name>
         <load_address>0x15b53</load_address>
         <run_address>0x15b53</run_address>
         <size>0x368</size>
         <input_file_ref idref="fl-e0"/>
      </object_component>
      <object_component id="oc-30b">
         <name>.debug_info</name>
         <load_address>0x15ebb</load_address>
         <run_address>0x15ebb</run_address>
         <size>0x1f3</size>
         <input_file_ref idref="fl-e0"/>
      </object_component>
      <object_component id="oc-304">
         <name>.debug_info</name>
         <load_address>0x160ae</load_address>
         <run_address>0x160ae</run_address>
         <size>0x1e8</size>
         <input_file_ref idref="fl-e0"/>
      </object_component>
      <object_component id="oc-2fe">
         <name>.debug_info</name>
         <load_address>0x16296</load_address>
         <run_address>0x16296</run_address>
         <size>0x1f5</size>
         <input_file_ref idref="fl-e0"/>
      </object_component>
      <object_component id="oc-22f">
         <name>.debug_info</name>
         <load_address>0x1648b</load_address>
         <run_address>0x1648b</run_address>
         <size>0x17b</size>
         <input_file_ref idref="fl-e1"/>
      </object_component>
      <object_component id="oc-360">
         <name>.debug_info</name>
         <load_address>0x16606</load_address>
         <run_address>0x16606</run_address>
         <size>0xbe</size>
      </object_component>
      <object_component id="oc-241">
         <name>.debug_line</name>
         <load_address>0x0</load_address>
         <run_address>0x0</run_address>
         <size>0x1d6</size>
         <input_file_ref idref="fl-2"/>
      </object_component>
      <object_component id="oc-238">
         <name>.debug_line</name>
         <load_address>0x1d6</load_address>
         <run_address>0x1d6</run_address>
         <size>0x33</size>
         <input_file_ref idref="fl-2"/>
      </object_component>
      <object_component id="oc-236">
         <name>.debug_line</name>
         <load_address>0x209</load_address>
         <run_address>0x209</run_address>
         <size>0x33</size>
         <input_file_ref idref="fl-2"/>
      </object_component>
      <object_component id="oc-23f">
         <name>.debug_line</name>
         <load_address>0x23c</load_address>
         <run_address>0x23c</run_address>
         <size>0x33</size>
         <input_file_ref idref="fl-2"/>
      </object_component>
      <object_component id="oc-b2">
         <name>.debug_line</name>
         <load_address>0x26f</load_address>
         <run_address>0x26f</run_address>
         <size>0x1e0</size>
         <input_file_ref idref="fl-2"/>
      </object_component>
      <object_component id="oc-23c">
         <name>.debug_line</name>
         <load_address>0x44f</load_address>
         <run_address>0x44f</run_address>
         <size>0x31</size>
         <input_file_ref idref="fl-2"/>
      </object_component>
      <object_component id="oc-227">
         <name>.debug_line</name>
         <load_address>0x480</load_address>
         <run_address>0x480</run_address>
         <size>0x7a</size>
         <input_file_ref idref="fl-2"/>
      </object_component>
      <object_component id="oc-d0">
         <name>.debug_line</name>
         <load_address>0x4fa</load_address>
         <run_address>0x4fa</run_address>
         <size>0x20</size>
         <input_file_ref idref="fl-2"/>
      </object_component>
      <object_component id="oc-86">
         <name>.debug_line</name>
         <load_address>0x51a</load_address>
         <run_address>0x51a</run_address>
         <size>0x7c</size>
         <input_file_ref idref="fl-2"/>
      </object_component>
      <object_component id="oc-22c">
         <name>.debug_line</name>
         <load_address>0x596</load_address>
         <run_address>0x596</run_address>
         <size>0x7c</size>
         <input_file_ref idref="fl-2"/>
      </object_component>
      <object_component id="oc-251">
         <name>.debug_line</name>
         <load_address>0x612</load_address>
         <run_address>0x612</run_address>
         <size>0x8e</size>
         <input_file_ref idref="fl-3"/>
      </object_component>
      <object_component id="oc-24b">
         <name>.debug_line</name>
         <load_address>0x6a0</load_address>
         <run_address>0x6a0</run_address>
         <size>0x31</size>
         <input_file_ref idref="fl-3"/>
      </object_component>
      <object_component id="oc-24d">
         <name>.debug_line</name>
         <load_address>0x6d1</load_address>
         <run_address>0x6d1</run_address>
         <size>0x31</size>
         <input_file_ref idref="fl-3"/>
      </object_component>
      <object_component id="oc-24f">
         <name>.debug_line</name>
         <load_address>0x702</load_address>
         <run_address>0x702</run_address>
         <size>0x31</size>
         <input_file_ref idref="fl-3"/>
      </object_component>
      <object_component id="oc-249">
         <name>.debug_line</name>
         <load_address>0x733</load_address>
         <run_address>0x733</run_address>
         <size>0x31</size>
         <input_file_ref idref="fl-3"/>
      </object_component>
      <object_component id="oc-eb">
         <name>.debug_line</name>
         <load_address>0x764</load_address>
         <run_address>0x764</run_address>
         <size>0xdb</size>
         <input_file_ref idref="fl-3"/>
      </object_component>
      <object_component id="oc-257">
[...]
         <value>0x2661</value>
         <object_component_ref idref="oc-1e3"/>
      </symbol>
      <symbol id="sm-2bf">
         <name>OrbitOledGetCharUpdate</name>
         <value>0x263d</value>
         <object_component_ref idref="oc-1e3"/>
      </symbol>
      <symbol id="sm-2c0">
         <name>OrbitOledSetCharUpdate</name>
         <value>0x2625</value>
         <object_component_ref idref="oc-1e3"/>
      </symbol>
      <symbol id="sm-2c1">
         <name>OrbitOledDrawGlyph</name>
         <value>0x268d</value>
         <object_component_ref idref="oc-1e3"/>
      </symbol>
      <symbol id="sm-2c2">
         <name>OrbitOledDefUserChar</name>
         <value>0x25d5</value>
         <object_component_ref idref="oc-1e3"/>
      </symbol>
      <symbol id="sm-2c3">
         <name>OrbitOledGetCursor</name>
         <value>0x25b9</value>
         <object_component_ref idref="oc-1e3"/>
      </symbol>
      <symbol id="sm-2c4">
         <name>OrbitOledSetCursor</name>
         <value>0x256d</value>
         <object_component_ref idref="oc-1e3"/>
      </symbol>
      <symbol id="sm-2c5">
         <name>OrbitOledPutChar</name>
         <value>0x2643</value>
         <object_component_ref idref="oc-1e3"/>
      </symbol>
      <symbol id="sm-2c6">
         <name>OrbitOledAdvanceCursor</name>
         <value>0x2705</value>
         <object_component_ref idref="oc-1e3"/>
      </symbol>
      <symbol id="sm-363">
         <name>pfnDoRop</name>
         <value>0x200005b8</value>
      </symbol>
      <symbol id="sm-364">
         <name>modOledCur</name>
         <value>0x200005a4</value>
      </symbol>
      <symbol id="sm-365">
         <name>OrbitOledGetPixel</name>
         <value>0x1013</value>
         <object_component_ref idref="oc-26c"/>
      </symbol>
      <symbol id="sm-366">
         <name>OrbitOledMoveUp</name>
         <value>0x1741</value>
         <object_component_ref idref="oc-26c"/>
      </symbol>
      <symbol id="sm-367">
         <name>OrbitOledMoveTo</name>
         <value>0xef1</value>
         <object_component_ref idref="oc-26c"/>
      </symbol>
      <symbol id="sm-368">
         <name>OrbitOledGetDrawMode</name>
         <value>0xfe1</value>
         <object_component_ref idref="oc-26c"/>
      </symbol>
      <symbol id="sm-369">
         <name>OrbitOledDrawPixel</name>
         <value>0xfe7</value>
         <object_component_ref idref="oc-26c"/>
      </symbol>
      <symbol id="sm-36a">
         <name>OrbitOledDrawString</name>
         <value>0x1683</value>
         <object_component_ref idref="oc-26c"/>
      </symbol>
      <symbol id="sm-36b">
         <name>OrbitOledDrawChar</name>
         <value>0x1623</value>
         <object_component_ref idref="oc-26c"/>
      </symbol>
      <symbol id="sm-36c">
         <name>OrbitOledMoveDown</name>
         <value>0x1779</value>
         <object_component_ref idref="oc-26c"/>
      </symbol>
      <symbol id="sm-36d">
         <name>OrbitOledMoveRight</name>
         <value>0x17c7</value>
         <object_component_ref idref="oc-26c"/>
      </symbol>
      <symbol id="sm-36e">
         <name>OrbitOledFillRect</name>
         <value>0x11b1</value>
         <object_component_ref idref="oc-26c"/>
      </symbol>
      <symbol id="sm-36f">
         <name>OrbitOledLineTo</name>
         <value>0x102d</value>
         <object_component_ref idref="oc-26c"/>
      </symbol>
      <symbol id="sm-370">
         <name>OrbitOledGetStdPattern</name>
         <value>0xf6b</value>
         <object_component_ref idref="oc-26c"/>
      </symbol>
      <symbol id="sm-371">
         <name>OrbitOledSetDrawColor</name>
         <value>0xf53</value>
         <object_component_ref idref="oc-26c"/>
      </symbol>
      <symbol id="sm-372">
         <name>OrbitOledDrawRect</name>
         <value>0x112d</value>
         <object_component_ref idref="oc-26c"/>
      </symbol>
      <symbol id="sm-373">
         <name>OrbitOledClampYco</name>
         <value>0x1801</value>
         <object_component_ref idref="oc-26c"/>
      </symbol>
      <symbol id="sm-374">
         <name>OrbitOledGetPos</name>
         <value>0xf37</value>
         <object_component_ref idref="oc-26c"/>
      </symbol>
      <symbol id="sm-375">
         <name>OrbitOledRopSet</name>
         <value>0x16a1</value>
         <object_component_ref idref="oc-26c"/>
      </symbol>
      <symbol id="sm-376">
         <name>OrbitOledRopXor</name>
         <value>0x1713</value>
         <object_component_ref idref="oc-26c"/>
      </symbol>
      <symbol id="sm-377">
         <name>OrbitOledGetBmp</name>
         <value>0x12f5</value>
         <object_component_ref idref="oc-26c"/>
      </symbol>
      <symbol id="sm-378">
         <name>OrbitOledMoveLeft</name>
         <value>0x17af</value>
         <object_component_ref idref="oc-26c"/>
      </symbol>
      <symbol id="sm-379">
         <name>OrbitOledRopAnd</name>
         <value>0x16ef</value>
         <object_component_ref idref="oc-26c"/>
      </symbol>
      <symbol id="sm-37a">
         <name>OrbitOledPutBmp</name>
         <value>0x1455</value>
         <object_component_ref idref="oc-26c"/>
      </symbol>
      <symbol id="sm-37b">
         <name>OrbitOledSetDrawMode</name>
         <value>0xf8d</value>
         <object_component_ref idref="oc-26c"/>
      </symbol>
      <symbol id="sm-37c">
         <name>OrbitOledClampXco</name>
         <value>0x17e1</value>
         <object_component_ref idref="oc-26c"/>
      </symbol>
      <symbol id="sm-37d">
         <name>OrbitOledSetFillPattern</name>
         <value>0xf7d</value>
         <object_component_ref idref="oc-26c"/>
      </symbol>
      <symbol id="sm-37e">
         <name>OrbitOledRopOr</name>
         <value>0x16cb</value>
         <object_component_ref idref="oc-26c"/>
      </symbol>
      <symbol id="sm-390">
         <name>DelayMs</name>
         <value>0x2eab</value>
         <object_component_ref idref="oc-281"/>
      </symbol>
      <symbol id="sm-391">
         <name>DelayInit</name>
         <value>0x2e91</value>
         <object_component_ref idref="oc-281"/>
      </symbol>
      <symbol id="sm-3a2">
         <name>_c_int00</name>
         <value>0x2eed</value>
         <object_component_ref idref="oc-24"/>
      </symbol>
      <symbol id="sm-3a3">
         <name>__stack</name>
         <value>0x200005d4</value>
         <object_component_ref idref="oc-2a"/>
      </symbol>
      <symbol id="sm-3c1">
         <name>__TI_decompress_lzss</name>
         <value>0x2dc9</value>
         <object_component_ref idref="oc-12"/>
      </symbol>
      <symbol id="sm-3d8">
         <name>__TI_decompress_none</name>
         <value>0x33cd</value>
         <object_component_ref idref="oc-18"/>
      </symbol>
      <symbol id="sm-3ef">
         <name>__TI_zero_init</name>
         <value>0x33ff</value>
         <object_component_ref idref="oc-1e"/>
      </symbol>
      <symbol id="sm-410">
         <name>C$$EXIT</name>
         <value>0x2f41</value>
         <object_component_ref idref="oc-72"/>
      </symbol>
      <symbol id="sm-411">
         <name>abort</name>
         <value>0x2f45</value>
         <object_component_ref idref="oc-72"/>
      </symbol>
      <symbol id="sm-412">
         <name>exit</name>
         <value>0x2f4d</value>
         <object_component_ref idref="oc-72"/>
      </symbol>
      <symbol id="sm-413">
         <name>__TI_dtors_ptr</name>
         <value>0x200009dc</value>
         <object_component_ref idref="oc-b6"/>
      </symbol>
      <symbol id="sm-414">
         <name>__TI_cleanup_ptr</name>
         <value>0x200009d8</value>
         <object_component_ref idref="oc-b6"/>
      </symbol>
      <symbol id="sm-415">
         <name>__TI_enable_exit_profile_output</name>
         <value>0x200009e0</value>
         <object_component_ref idref="oc-b6"/>
      </symbol>
      <symbol id="sm-430">
         <name>memcpy</name>
         <value>0x2b61</value>
         <object_component_ref idref="oc-42"/>
      </symbol>
      <symbol id="sm-431">
         <name>__aeabi_memcpy</name>
         <value>0x2b61</value>
         <object_component_ref idref="oc-42"/>
      </symbol>
      <symbol id="sm-432">
         <name>__aeabi_memcpy8</name>
         <value>0x2b61</value>
         <object_component_ref idref="oc-42"/>
      </symbol>
      <symbol id="sm-433">
         <name>__aeabi_memcpy4</name>
         <value>0x2b61</value>
         <object_component_ref idref="oc-42"/>
      </symbol>
      <symbol id="sm-4aa">
         <name>_sys_memory</name>
         <value>0x200007d8</value>
         <object_component_ref idref="oc-2b"/>
      </symbol>
      <symbol id="sm-4ab">
         <name>free</name>
         <value>0x192b</value>
         <object_component_ref idref="oc-1c9"/>
      </symbol>
      <symbol id="sm-4ac">
         <name>realloc</name>
         <value>0x19eb</value>
         <object_component_ref idref="oc-1c9"/>
      </symbol>
      <symbol id="sm-4ad">
         <name>memalign</name>
         <value>0x1af5</value>
         <object_component_ref idref="oc-1c9"/>
      </symbol>
      <symbol id="sm-4ae">
         <name>calloc</name>
         <value>0x1be1</value>
         <object_component_ref idref="oc-1c9"/>
      </symbol>
      <symbol id="sm-4af">
         <name>malloc</name>
         <value>0x18c1</value>
         <object_component_ref idref="oc-1c9"/>
      </symbol>
      <symbol id="sm-4b0">
         <name>minit</name>
         <value>0x1841</value>
         <object_component_ref idref="oc-1c9"/>
      </symbol>
      <symbol id="sm-4bf">
         <name>__aeabi_memset</name>
         <value>0x2c79</value>
         <object_component_ref idref="oc-4e"/>
      </symbol>
      <symbol id="sm-4c0">
         <name>memset</name>
         <value>0x2c7f</value>
         <object_component_ref idref="oc-4e"/>
      </symbol>
      <symbol id="sm-4c1">
         <name>__aeabi_memset8</name>
         <value>0x2c79</value>
         <object_component_ref idref="oc-4e"/>
      </symbol>
      <symbol id="sm-4c2">
         <name>__aeabi_memset4</name>
         <value>0x2c79</value>
         <object_component_ref idref="oc-4e"/>
      </symbol>
      <symbol id="sm-4c3">
         <name>__aeabi_memclr8</name>
         <value>0x2c77</value>
         <object_component_ref idref="oc-4e"/>
      </symbol>
      <symbol id="sm-4c4">
         <name>__aeabi_memclr4</name>
         <value>0x2c77</value>
         <object_component_ref idref="oc-4e"/>
      </symbol>
      <symbol id="sm-4c5">
         <name>__aeabi_memclr</name>
         <value>0x2c77</value>
         <object_component_ref idref="oc-4e"/>
      </symbol>
      <symbol id="sm-4cf">
         <name>__mpu_init</name>
         <value>0x3283</value>
         <object_component_ref idref="oc-5a"/>
      </symbol>
      <symbol id="sm-4d9">
         <name>_system_pre_init</name>
         <value>0x3465</value>
         <object_component_ref idref="oc-60"/>
      </symbol>
      <symbol id="sm-4e1">
         <name>main_func_sp</name>
         <value>0x200009f8</value>
         <object_component_ref idref="oc-78"/>
      </symbol>
      <symbol id="sm-4f0">
         <name>__aeabi_uidivmod</name>
         <value>0x3155</value>
         <object_component_ref idref="oc-211"/>
      </symbol>
      <symbol id="sm-4f1">
         <name>__aeabi_uidiv</name>
         <value>0x3155</value>
         <object_component_ref idref="oc-211"/>
      </symbol>
      <symbol id="sm-50a">
         <name>_nop</name>
         <value>0x337b</value>
         <object_component_ref idref="oc-19a"/>
      </symbol>
      <symbol id="sm-50b">
         <name>_lock</name>
         <value>0x200009f0</value>
         <object_component_ref idref="oc-b9"/>
      </symbol>
      <symbol id="sm-50c">
         <name>_unlock</name>
         <value>0x200009f4</value>
         <object_component_ref idref="oc-b9"/>
      </symbol>
      <symbol id="sm-50d">
         <name>_register_lock</name>
         <value>0x3373</value>
         <object_component_ref idref="oc-19a"/>
      </symbol>
      <symbol id="sm-50e">
         <name>_register_unlock</name>
         <value>0x336d</value>
         <object_component_ref idref="oc-19a"/>
      </symbol>
      <symbol id="sm-522">
         <name>_args_main</name>
         <value>0x3301</value>
         <object_component_ref idref="oc-6c"/>
      </symbol>
      <symbol id="sm-54c">
         <name>__TI_auto_init</name>
         <value>0x2cf1</value>
         <object_component_ref idref="oc-66"/>
      </symbol>
      <symbol id="sm-566">
         <name>copy_in</name>
         <value>0x3081</value>
         <object_component_ref idref="oc-a0"/>
      </symbol>
      <symbol id="sm-570">
         <name>__aeabi_idiv0</name>
         <value>0x28a3</value>
         <object_component_ref idref="oc-2d8"/>
      </symbol>
      <symbol id="sm-57a">
         <name>_system_post_cinit</name>
         <value>0x3469</value>
         <object_component_ref idref="oc-a6"/>
      </symbol>
      <symbol id="sm-5d8">
         <name>ADCProcessorTrigger</name>
         <value>0x32b9</value>
         <object_component_ref idref="oc-e3"/>
      </symbol>
      <symbol id="sm-5d9">
         <name>ADCSequenceEnable</name>
         <value>0x33b1</value>
         <object_component_ref idref="oc-15b"/>
      </symbol>
      <symbol id="sm-5da">
         <name>ADCSequenceConfigure</name>
         <value>0x2f95</value>
         <object_component_ref idref="oc-14f"/>
      </symbol>
      <symbol id="sm-5db">
         <name>ADCIntEnable</name>
         <value>0x3381</value>
         <object_component_ref idref="oc-167"/>
      </symbol>
      <symbol id="sm-5dc">
         <name>ADCSequenceStepConfigure</name>
         <value>0x2bfd</value>
         <object_component_ref idref="oc-155"/>
      </symbol>
      <symbol id="sm-5dd">
         <name>ADCIntClear</name>
         <value>0x3417</value>
         <object_component_ref idref="oc-fb"/>
      </symbol>
      <symbol id="sm-5de">
         <name>ADCIntRegister</name>
         <value>0x32a1</value>
         <object_component_ref idref="oc-161"/>
      </symbol>
      <symbol id="sm-5df">
         <name>ADCSequenceDataGet</name>
         <value>0x3265</value>
         <object_component_ref idref="oc-ef"/>
      </symbol>
      <symbol id="sm-669">
         <name>GPIOIntRegister</name>
         <value>0x32d1</value>
         <object_component_ref idref="oc-16d"/>
      </symbol>
      <symbol id="sm-66a">
         <name>GPIOPinConfigure</name>
         <value>0x3035</value>
         <object_component_ref idref="oc-28d"/>
      </symbol>
      <symbol id="sm-66b">
         <name>GPIOIntEnable</name>
         <value>0x33e7</value>
         <object_component_ref idref="oc-173"/>
      </symbol>
      <symbol id="sm-66c">
         <name>GPIOPinTypeGPIOInput</name>
         <value>0x3319</value>
         <object_component_ref idref="oc-1b4"/>
      </symbol>
      <symbol id="sm-66d">
         <name>GPIOIntClear</name>
         <value>0x3447</value>
         <object_component_ref idref="oc-143"/>
      </symbol>
      <symbol id="sm-66e">
         <name>GPIOPinTypeGPIOOutput</name>
         <value>0x32e9</value>
         <object_component_ref idref="oc-2a5"/>
      </symbol>
      <symbol id="sm-66f">
         <name>GPIOPinRead</name>
         <value>0x344d</value>
         <object_component_ref idref="oc-13d"/>
      </symbol>
      <symbol id="sm-670">
         <name>GPIODirModeSet</name>
         <value>0x3239</value>
         <object_component_ref idref="oc-131"/>
      </symbol>
      <symbol id="sm-671">
         <name>GPIOPinWrite</name>
         <value>0x3453</value>
         <object_component_ref idref="oc-137"/>
      </symbol>
      <symbol id="sm-672">
         <name>GPIOPadConfigSet</name>
         <value>0x2771</value>
         <object_component_ref idref="oc-12b"/>
      </symbol>
      <symbol id="sm-673">
         <name>GPIOPinTypeSSI</name>
         <value>0x332f</value>
         <object_component_ref idref="oc-287"/>
      </symbol>
      <symbol id="sm-6ad">
         <name>IntEnable</name>
         <value>0x2d61</value>
         <object_component_ref idref="oc-201"/>
      </symbol>
      <symbol id="sm-6ae">
         <name>IntRegister</name>
         <value>0x31d1</value>
         <object_component_ref idref="oc-1da"/>
      </symbol>
      <symbol id="sm-6af">
         <name>g_pfnRAMVectors</name>
         <value>0x20000000</value>
         <object_component_ref idref="oc-267"/>
      </symbol>
      <symbol id="sm-6b0">
         <name>IntMasterEnable</name>
         <value>0x3391</value>
         <object_component_ref idref="oc-17f"/>
      </symbol>
      <symbol id="sm-6e8">
         <name>SSIDataPut</name>
         <value>0x3421</value>
         <object_component_ref idref="oc-2b1"/>
      </symbol>
      <symbol id="sm-6e9">
         <name>SSIDataGet</name>
         <value>0x33f3</value>
         <object_component_ref idref="oc-2b7"/>
      </symbol>
      <symbol id="sm-6ea">
         <name>SSIConfigSetExpClk</name>
         <value>0x3195</value>
         <object_component_ref idref="oc-299"/>
      </symbol>
      <symbol id="sm-6eb">
         <name>SSIEnable</name>
         <value>0x342b</value>
         <object_component_ref idref="oc-29f"/>
      </symbol>
      <symbol id="sm-6ec">
         <name>SSIClockSourceSet</name>
         <value>0x3459</value>
         <object_component_ref idref="oc-293"/>
      </symbol>
      <symbol id="sm-6ed">
         <name>SSIBusy</name>
         <value>0x343f</value>
         <object_component_ref idref="oc-2ab"/>
      </symbol>
      <symbol id="sm-73e">
         <name>SysCtlClockSet</name>
         <value>0x29b5</value>
         <object_component_ref idref="oc-101"/>
      </symbol>
      <symbol id="sm-73f">
         <name>SysCtlDelay</name>
         <value>0x345f</value>
         <object_component_ref idref="oc-188"/>
      </symbol>
      <symbol id="sm-740">
         <name>SysCtlPeripheralEnable</name>
         <value>0x3205</value>
         <object_component_ref idref="oc-149"/>
      </symbol>
      <symbol id="sm-741">
         <name>SysCtlClockGet</name>
         <value>0x28a5</value>
         <object_component_ref idref="oc-107"/>
      </symbol>
      <symbol id="sm-76e">
         <name>SysTickEnable</name>
         <value>0x3345</value>
         <object_component_ref idref="oc-11f"/>
      </symbol>
      <symbol id="sm-76f">
         <name>SysTickIntRegister</name>
         <value>0x3285</value>
         <object_component_ref idref="oc-113"/>
      </symbol>
      <symbol id="sm-770">
         <name>SysTickIntEnable</name>
         <value>0x3359</value>
         <object_component_ref idref="oc-119"/>
      </symbol>
      <symbol id="sm-771">
         <name>SysTickPeriodSet</name>
         <value>0x33a1</value>
         <object_component_ref idref="oc-10d"/>
      </symbol>
      <symbol id="sm-795">
         <name>TimerEnable</name>
         <value>0x33bf</value>
         <object_component_ref idref="oc-303"/>
      </symbol>
      <symbol id="sm-796">
         <name>TimerValueGet</name>
         <value>0x3435</value>
         <object_component_ref idref="oc-309"/>
      </symbol>
      <symbol id="sm-797">
         <name>TimerConfigure</name>
         <value>0x2e31</value>
         <object_component_ref idref="oc-2fd"/>
      </symbol>
      <symbol id="sm-7a1">
         <name>CPUcpsie</name>
         <value>0x33db</value>
         <object_component_ref idref="oc-22e"/>
      </symbol>
      <symbol id="sm-7a2">
         <name>__TI_static_base__</name>
         <value>0x0</value>
      </symbol>
      <symbol id="sm-7a5">
         <name>SHT$$INIT_ARRAY$$Limit</name>
         <value>0x0</value>
      </symbol>
      <symbol id="sm-7a6">
         <name>SHT$$INIT_ARRAY$$Base</name>
         <value>0x0</value>
      </symbol>
   </symbol_table>
   <title>Link successful</title>
</link_info>
